<html>
<body>
<pre>
<h1>礦ision Build Log</h1>
<h2>Tool Versions:</h2>
IDE-Version: μVision V5.39.0.0
Copyright (C) 2023 ARM Ltd and ARM Germany GmbH. All rights reserved.
License Information: 11 11, 11, LIC=BUURY-I6RBI-637MB-2GGNN-QW6ZI-VM257
 
Tool Versions:
Toolchain:       MDK-ARM Plus  Version: 5.39.0.0
Toolchain Path:  D:\Keil5\ARM\ARMCC\Bin
C Compiler:      Armcc.exe V5.06 update 6 (build 750)
Assembler:       Armasm.exe V5.06 update 6 (build 750)
Linker/Locator:  ArmLink.exe V5.06 update 6 (build 750)
Library Manager: ArmAr.exe V5.06 update 6 (build 750)
Hex Converter:   FromElf.exe V5.06 update 6 (build 750)
CPU DLL:         SARMCM3.DLL V5.39.0.0
Dialog DLL:      DARMSTM.DLL V1.69.1.0
Target DLL:      STLink\ST-LINKIII-KEIL_SWO.dll V3.2.0.0
Dialog DLL:      TARMSTM.DLL V1.67.1.0
 
<h2>Project:</h2>
P:\2.电控\3.STM32项目-N\17.STM32智能家居语音系统(升级版)\A.全套资料\1.源代码\源代码\Project\MDK-ARM\EDOG-SmartHome-stm32f103c8t6-gizwist+snr8016+bh1750+uln2003+fan.uvprojx
Project File Date:  02/19/2025

<h2>Output:</h2>
*** Using Compiler 'V5.06 update 6 (build 750)', folder: 'D:\Keil5\ARM\ARMCC\Bin'
Rebuild target 'SmartHome'
assembling startup_stm32f10x_md.s...
compiling stm32f10x_dac.c...
compiling stm32f10x_adc.c...
compiling stm32f10x_tim.c...
compiling stm32f10x_dma.c...
compiling stm32f10x_flash.c...
compiling system_stm32f10x.c...
compiling stm32f10x_pwr.c...
compiling stm32f10x_gpio.c...
compiling misc.c...
compiling stm32f10x_dbgmcu.c...
compiling stm32f10x_crc.c...
compiling stm32f10x_cec.c...
compiling core_cm3.c...
compiling stm32f10x_it.c...
compiling stm32f10x_i2c.c...
compiling stm32f10x_exti.c...
compiling stm32f10x_bkp.c...
compiling stm32f10x_rtc.c...
compiling stm32f10x_rcc.c...
compiling stm32f10x_iwdg.c...
compiling AppParam.c...
compiling stm32f10x_usart.c...
compiling bsp_dht11.c...
compiling bsp_key.c...
compiling main.c...
..\main.c(75): warning:  #223-D: function "Key2_long_press_down_handle" declared implicitly
  	Key2_long_press_down_handle();
..\main.c: 1 warning, 0 errors
compiling AppSys.c...
..\SysApp\AppSys.c(259): warning:  #223-D: function "GPIO_TogglePin" declared implicitly
  			WARN_LED_FLASH;
..\SysApp\AppSys.c(422): warning:  #177-D: variable "str"  was declared but never referenced
  	char str[16] = {0};
..\SysApp\AppSys.c(507): warning:  #177-D: variable "p_dataPoint"  was declared but never referenced
  	dataPoint_t	*p_dataPoint = p_SysParamHandle->p_DataPoint;
..\SysApp\AppSys.c(209): warning:  #177-D: function "KeyEventHandle"  was declared but never referenced
  static void KeyEventHandle( u8 u8_code)
..\SysApp\AppSys.c: 4 warnings, 0 errors
compiling bsp_relay.c...
compiling led.c...
compiling BH1750FVI.c...
compiling snr1806.c...
..\..\HARDWARE\SNR1806\snr1806.c(68): warning:  #167-D: argument of type "u8 *" is incompatible with parameter of type "const char *"
  			if (!strcmp(psLdHandle->pCmdTable[index].cmd_str, psLdHandle->pu8_rev_cmd_buf))
..\..\HARDWARE\SNR1806\snr1806.c(68): warning:  #167-D: argument of type "u8 *" is incompatible with parameter of type "const char *"
  			if (!strcmp(psLdHandle->pCmdTable[index].cmd_str, psLdHandle->pu8_rev_cmd_buf))
..\..\HARDWARE\SNR1806\snr1806.c: 2 warnings, 0 errors
compiling uln2003.c...
compiling bsp_buzzer.c...
compiling sys.c...
compiling delay.c...
compiling oled.c...
..\..\HARDWARE\OLED\oled.c(530): warning:  #223-D: function "delay_ms" declared implicitly
  	delay_ms(800);
..\..\HARDWARE\OLED\oled.c: 1 warning, 0 errors
compiling usart.c...
compiling common.c...
compiling timer.c...
compiling dataPointTools.c...
compiling ADC.c...
compiling pwm.c...
compiling ringbuffer.c...
compiling gizwits_product.c...
..\..\Gizwits\gizwits_product.c(53): warning:  #177-D: variable "wifiData"  was declared but never referenced
    moduleStatusInfo_t *wifiData = (moduleStatusInfo_t *)gizdata;
..\..\Gizwits\gizwits_product.c(54): warning:  #177-D: variable "ptime"  was declared but never referenced
    protocolTime_t *ptime = (protocolTime_t *)gizdata;
..\..\Gizwits\gizwits_product.c(59): warning:  #177-D: variable "ptModuleInfo"  was declared but never referenced
    moduleInfo_t *ptModuleInfo = (moduleInfo_t *)gizdata;
..\..\Gizwits\gizwits_product.c: 3 warnings, 0 errors
compiling gizwits_protocol.c...
compiling user_common.c...
linking...
Program Size: Code=34552 RO-data=2500 RW-data=1700 ZI-data=2084  
FromELF: creating hex file...
".\obj\SmartLock.axf" - 0 Error(s), 11 Warning(s).

<h2>Software Packages used:</h2>

Package Vendor: Keil
                https://www.keil.com/pack/Keil.STM32F1xx_DFP.2.4.1.pack
                Keil::STM32F1xx_DFP@2.4.1
                STMicroelectronics STM32F1 Series Device Support, Drivers and Examples

<h2>Collection of Component include folders:</h2>
  D:/Keil5/Packs/Keil/STM32F1xx_DFP/2.4.1/Device/Include

<h2>Collection of Component Files used:</h2>
Build Time Elapsed:  00:00:02
</pre>
</body>
</html>
