Component: ARM Compiler 5.06 update 6 (build 750) Tool: armlink [4d35ed]

==============================================================================

Section Cross References

    startup_stm32f10x_md.o(RESET) refers to startup_stm32f10x_md.o(STACK) for __initial_sp
    startup_stm32f10x_md.o(RESET) refers to startup_stm32f10x_md.o(.text) for Reset_Handler
    startup_stm32f10x_md.o(RESET) refers to stm32f10x_it.o(.text) for NMI_Handler
    startup_stm32f10x_md.o(RESET) refers to adc.o(.text) for ADC1_2_IRQHandler
    startup_stm32f10x_md.o(RESET) refers to timer.o(.text) for TIM2_IRQHandler
    startup_stm32f10x_md.o(RESET) refers to usart.o(.text) for USART1_IRQHandler
    startup_stm32f10x_md.o(.text) refers to system_stm32f10x.o(.text) for SystemInit
    startup_stm32f10x_md.o(.text) refers to entry.o(.ARM.Collect$$$$00000000) for __main
    stm32f10x_adc.o(.text) refers to stm32f10x_rcc.o(.text) for RCC_APB2PeriphResetCmd
    stm32f10x_bkp.o(.text) refers to stm32f10x_rcc.o(.text) for RCC_BackupResetCmd
    stm32f10x_cec.o(.text) refers to stm32f10x_rcc.o(.text) for RCC_APB1PeriphResetCmd
    stm32f10x_dac.o(.text) refers to stm32f10x_rcc.o(.text) for RCC_APB1PeriphResetCmd
    stm32f10x_gpio.o(.text) refers to stm32f10x_rcc.o(.text) for RCC_APB2PeriphResetCmd
    stm32f10x_i2c.o(.text) refers to stm32f10x_rcc.o(.text) for RCC_APB1PeriphResetCmd
    stm32f10x_pwr.o(.text) refers to stm32f10x_rcc.o(.text) for RCC_APB1PeriphResetCmd
    stm32f10x_rcc.o(.text) refers to stm32f10x_rcc.o(.data) for APBAHBPrescTable
    stm32f10x_tim.o(.text) refers to stm32f10x_rcc.o(.text) for RCC_APB2PeriphResetCmd
    stm32f10x_usart.o(.text) refers to stm32f10x_rcc.o(.text) for RCC_APB2PeriphResetCmd
    system_stm32f10x.o(.text) refers to system_stm32f10x.o(.data) for SystemCoreClock
    main.o(.text) refers to stm32f10x_rcc.o(.text) for RCC_DeInit
    main.o(.text) refers to stm32f10x_flash.o(.text) for FLASH_PrefetchBufferCmd
    main.o(.text) refers to misc.o(.text) for NVIC_PriorityGroupConfig
    main.o(.text) refers to delay.o(.text) for delay_init
    main.o(.text) refers to appsys.o(.text) for app_BspInit
    main.o(.text) refers to appparam.o(.data) for SysParamHandle
    appparam.o(.data) refers to appsys.o(.text) for Key1_short_press_up_handle
    appparam.o(.data) refers to appparam.o(.bss) for matrix_key_table
    appparam.o(.data) refers to snr1806.o(.data) for gs_Ld3322Handle
    appparam.o(.data) refers to gizwits_product.o(.bss) for currentDataPoint
    appsys.o(.text) refers to uln2003.o(.text) for Motor_PreSet
    appsys.o(.text) refers to led.o(.text) for GPIO_TogglePin
    appsys.o(.text) refers to gizwits_product.o(.text) for gizTimerMs
    appsys.o(.text) refers to memseta.o(.text) for __aeabi_memclr
    appsys.o(.text) refers to usart.o(.text) for uart1_init
    appsys.o(.text) refers to gizwits_protocol.o(.text) for gizwitsInit
    appsys.o(.text) refers to f2d.o(.text) for __aeabi_f2d
    appsys.o(.text) refers to cdrcmple.o(.text) for __aeabi_cdrcmple
    appsys.o(.text) refers to bsp_buzzer.o(.text) for Buzzer_WarnOn
    appsys.o(.text) refers to oled.o(.text) for OLED_Clear
    appsys.o(.text) refers to printfa.o(i.__0sprintf) for __2sprintf
    appsys.o(.text) refers to bh1750fvi.o(.text) for bh_data_read
    appsys.o(.text) refers to adc.o(.text) for get_mq2_value
    appsys.o(.text) refers to bsp_dht11.o(.text) for DHT11_Read_TempAndHumidity
    appsys.o(.text) refers to appparam.o(.data) for SysParamHandle
    appsys.o(.text) refers to appsys.o(.data) for u32SysTick
    appsys.o(.text) refers to gizwits_product.o(.bss) for currentDataPoint
    appsys.o(.text) refers to gizwits_product.o(.data) for gfunCallback
    appsys.o(.text) refers to appsys.o(.bss) for buff
    appsys.o(.text) refers to delay.o(.text) for delay_ms
    appsys.o(.text) refers to timer.o(.text) for FML_TIME_Init
    appsys.o(.text) refers to bsp_key.o(.text) for Key_GPIO_Config
    appsys.o(.text) refers to snr1806.o(.text) for ld3322_init
    appsys.o(.text) refers to bsp_relay.o(.text) for Switch_GPIO_Config
    appsys.o(.data) refers to appsys.o(.conststring) for .conststring
    appsys.o(.data) refers to appsys.o(.text) for TurnONLight
    bsp_key.o(.text) refers to stm32f10x_gpio.o(.text) for GPIO_WriteBit
    bsp_key.o(.text) refers to stm32f10x_rcc.o(.text) for RCC_APB2PeriphClockCmd
    bsp_key.o(.text) refers to bsp_key.o(.data) for keyState
    bsp_dht11.o(.text) refers to stm32f10x_rcc.o(.text) for RCC_APB2PeriphClockCmd
    bsp_dht11.o(.text) refers to stm32f10x_gpio.o(.text) for GPIO_Init
    bsp_dht11.o(.text) refers to delay.o(.text) for delay_us
    led.o(.text) refers to stm32f10x_rcc.o(.text) for RCC_APB2PeriphClockCmd
    led.o(.text) refers to stm32f10x_gpio.o(.text) for GPIO_PinRemapConfig
    bh1750fvi.o(.text) refers to stm32f10x_gpio.o(.text) for GPIO_Init
    bh1750fvi.o(.text) refers to delay.o(.text) for delay_us
[...]
    .text                                    0x08005488   Section        0  gizwits_product.o(.text)
    .text                                    0x08005600   Section        0  gizwits_protocol.o(.text)
    gizProtocolHeadInit                      0x08005629   Thumb Code    26  gizwits_protocol.o(.text)
    gizProtocolWaitAck                       0x08005643   Thumb Code    64  gizwits_protocol.o(.text)
    gizDataPoint2Event                       0x080056bf   Thumb Code   344  gizwits_protocol.o(.text)
    gizCheckReport                           0x08005817   Thumb Code   502  gizwits_protocol.o(.text)
    gizDataPoints2ReportData                 0x08005a0d   Thumb Code   578  gizwits_protocol.o(.text)
    gizProtocolIssuedProcess                 0x08005c4f   Thumb Code   232  gizwits_protocol.o(.text)
    gizProtocolIssuedDataAck                 0x08005d37   Thumb Code   202  gizwits_protocol.o(.text)
    gizReportData                            0x08005e01   Thumb Code   168  gizwits_protocol.o(.text)
    gizDevReportPolicy                       0x08005ea9   Thumb Code   152  gizwits_protocol.o(.text)
    gizProtocolGetOnePacket                  0x08005f41   Thumb Code   352  gizwits_protocol.o(.text)
    gizProtocolResendData                    0x080060a1   Thumb Code    42  gizwits_protocol.o(.text)
    gizProtocolWaitAckCheck                  0x080060cb   Thumb Code    40  gizwits_protocol.o(.text)
    gizProtocolCommonAck                     0x080060f3   Thumb Code    68  gizwits_protocol.o(.text)
    gizProtocolAckHandle                     0x08006137   Thumb Code    70  gizwits_protocol.o(.text)
    gizProtocolGetDeviceInfo                 0x0800617d   Thumb Code   316  gizwits_protocol.o(.text)
    gizProtocolErrorCmd                      0x080062b9   Thumb Code    72  gizwits_protocol.o(.text)
    gizProtocolNTP                           0x08006301   Thumb Code    98  gizwits_protocol.o(.text)
    gizProtocolReboot                        0x08006363   Thumb Code    28  gizwits_protocol.o(.text)
    gizProtocolModuleStatus                  0x0800637f   Thumb Code   708  gizwits_protocol.o(.text)
    gizProtocolModuleInfoHandle              0x08006921   Thumb Code    60  gizwits_protocol.o(.text)
    .text                                    0x08006bf0   Section        0  common.o(.text)
    isleap                                   0x08006d81   Thumb Code    52  common.o(.text)
    get_yeardays                             0x08006db5   Thumb Code    24  common.o(.text)
    .text                                    0x08006f88   Section        0  datapointtools.o(.text)
    .text                                    0x080072d4   Section        0  ringbuffer.o(.text)
    .text                                    0x080074a2   Section        0  user_common.o(.text)
    .text                                    0x080074f2   Section        0  toupper.o(.text)
    .text                                    0x080074fe   Section        0  memcpya.o(.text)
    .text                                    0x08007522   Section        0  memseta.o(.text)
    .text                                    0x08007546   Section        0  strlen.o(.text)
    .text                                    0x08007554   Section        0  strcmp.o(.text)
    .text                                    0x08007570   Section        0  fadd.o(.text)
    .text                                    0x08007620   Section        0  fmul.o(.text)
    .text                                    0x08007684   Section        0  fdiv.o(.text)
    .text                                    0x08007700   Section        0  dadd.o(.text)
    .text                                    0x0800784e   Section        0  dmul.o(.text)
    .text                                    0x08007932   Section        0  ffltui.o(.text)
    .text                                    0x0800793c   Section        0  dflti.o(.text)
    .text                                    0x0800795e   Section        0  dfltui.o(.text)
    .text                                    0x08007978   Section        0  ffixui.o(.text)
    .text                                    0x080079a0   Section        0  dfixi.o(.text)
    .text                                    0x080079de   Section        0  dfixui.o(.text)
    .text                                    0x08007a10   Section        0  f2d.o(.text)
    .text                                    0x08007a38   Section       48  cdcmple.o(.text)
    .text                                    0x08007a68   Section       48  cdrcmple.o(.text)
    .text                                    0x08007a98   Section        0  d2f.o(.text)
    .text                                    0x08007ad0   Section       20  cfcmple.o(.text)
    .text                                    0x08007ae4   Section        0  uidiv.o(.text)
    .text                                    0x08007b10   Section        0  uldiv.o(.text)
    .text                                    0x08007b72   Section        0  llshl.o(.text)
    .text                                    0x08007b90   Section        0  llushr.o(.text)
    .text                                    0x08007bb0   Section        0  llsshr.o(.text)
    .text                                    0x08007bd4   Section        0  fepilogue.o(.text)
    .text                                    0x08007bd4   Section        0  iusefp.o(.text)
    .text                                    0x08007c42   Section        0  depilogue.o(.text)
    .text                                    0x08007cfc   Section        0  ddiv.o(.text)
    .text                                    0x08007dda   Section        0  dfixul.o(.text)
    .text                                    0x08007e0c   Section       36  init.o(.text)
    .text                                    0x08007e30   Section        0  __dclz77c.o(.text)
    i.__0sprintf                             0x08007e90   Section        0  printfa.o(i.__0sprintf)
    i.__scatterload_copy                     0x08007eb8   Section       14  handlers.o(i.__scatterload_copy)
    i.__scatterload_null                     0x08007ec6   Section        2  handlers.o(i.__scatterload_null)
    i.__scatterload_zeroinit                 0x08007ec8   Section       14  handlers.o(i.__scatterload_zeroinit)
    i._fp_digits                             0x08007ed8   Section        0  printfa.o(i._fp_digits)
    _fp_digits                               0x08007ed9   Thumb Code   366  printfa.o(i._fp_digits)
    i._printf_core                           0x0800805c   Section        0  printfa.o(i._printf_core)
    _printf_core                             0x0800805d   Thumb Code  1744  printfa.o(i._printf_core)
    i._printf_post_padding                   0x08008738   Section        0  printfa.o(i._printf_post_padding)
    _printf_post_padding                     0x08008739   Thumb Code    36  printfa.o(i._printf_post_padding)
    i._printf_pre_padding                    0x0800875c   Section        0  printfa.o(i._printf_pre_padding)
    _printf_pre_padding                      0x0800875d   Thumb Code    46  printfa.o(i._printf_pre_padding)
    i._sputc                                 0x0800878a   Section        0  printfa.o(i._sputc)
    _sputc                                   0x0800878b   Thumb Code    10  printfa.o(i._sputc)
    i.free                                   0x08008794   Section        0  malloc.o(i.free)
    .constdata                               0x080087e4   Section     2088  oled.o(.constdata)
    .constdata                               0x0800900c   Section       48  common.o(.constdata)
    .conststring                             0x0800903c   Section       93  appsys.o(.conststring)
    .data                                    0x20000000   Section       20  stm32f10x_rcc.o(.data)
    APBAHBPrescTable                         0x20000000   Data          16  stm32f10x_rcc.o(.data)
    ADCPrescTable                            0x20000010   Data           4  stm32f10x_rcc.o(.data)
    .data                                    0x20000014   Section       20  system_stm32f10x.o(.data)
    .data                                    0x20000028   Section      136  appparam.o(.data)
    .data                                    0x200000b0   Section       89  appsys.o(.data)
    u32SysTick                               0x200000b0   Data           4  appsys.o(.data)
    warnLed_tick                             0x20000104   Data           4  appsys.o(.data)
    status                                   0x20000108   Data           1  appsys.o(.data)
    .data                                    0x2000010c   Section        8  bsp_key.o(.data)
    keyState                                 0x2000010c   Data           1  bsp_key.o(.data)
    keyLongCheck                             0x2000010e   Data           2  bsp_key.o(.data)
    keyPrev                                  0x20000110   Data           4  bsp_key.o(.data)
    .data                                    0x20000114   Section        4  bsp_relay.o(.data)
    u32_switch_time                          0x20000114   Data           4  bsp_relay.o(.data)
    .data                                    0x20000118   Section       16  snr1806.o(.data)
    .data                                    0x20000128   Section        1  uln2003.o(.data)
    i                                        0x20000128   Data           1  uln2003.o(.data)
    .data                                    0x2000012c   Section        9  bsp_buzzer.o(.data)
    u32BuzzerTickCnt                         0x2000012c   Data           4  bsp_buzzer.o(.data)
    u32BuzzerWarnCnt                         0x20000130   Data           4  bsp_buzzer.o(.data)
    blBuzzerWarn                             0x20000134   Data           1  bsp_buzzer.o(.data)
    .data                                    0x20000135   Section     1344  oled.o(.data)
    .data                                    0x20000676   Section        4  delay.o(.data)
    fac_us                                   0x20000676   Data           1  delay.o(.data)
    fac_ms                                   0x20000678   Data           2  delay.o(.data)
    .data                                    0x2000067a   Section        6  usart.o(.data)
    u16_index                                0x2000067a   Data           2  usart.o(.data)
    u16_index                                0x2000067c   Data           2  usart.o(.data)
    u16_index                                0x2000067e   Data           2  usart.o(.data)
    .data                                    0x20000680   Section        4  adc.o(.data)
    .data                                    0x20000684   Section       12  gizwits_product.o(.data)
    timerMsCount                             0x20000684   Data           4  gizwits_product.o(.data)
    .data                                    0x20000690   Section       16  gizwits_protocol.o(.data)
    lastReportTime                           0x20000690   Data           4  gizwits_protocol.o(.data)
    lastRepTime                              0x20000694   Data           4  gizwits_protocol.o(.data)
    protocolFlag                             0x20000698   Data           1  gizwits_protocol.o(.data)
    protocolCount                            0x2000069a   Data           2  gizwits_protocol.o(.data)
    lastData                                 0x2000069c   Data           1  gizwits_protocol.o(.data)
    debugCount                               0x2000069d   Data           1  gizwits_protocol.o(.data)
    lastStatus                               0x2000069e   Data           2  gizwits_protocol.o(.data)
    .data                                    0x200006a0   Section        4  mvars.o(.data)
    .bss                                     0x200006a4   Section      198  appparam.o(.bss)
    .bss                                     0x2000076a   Section       30  appsys.o(.bss)
    .bss                                     0x20000788   Section       30  snr1806.o(.bss)
    gRevDataBuf                              0x20000788   Data          30  snr1806.o(.bss)
    .bss                                     0x200007a8   Section       20  uln2003.o(.bss)
    .bss                                     0x200007bc   Section      112  usart.o(.bss)
    .bss                                     0x2000082c   Section      172  timer.o(.bss)
    sg_tTIME_Handle                          0x2000082c   Data         172  timer.o(.bss)
    .bss                                     0x200008d8   Section       35  gizwits_product.o(.bss)
    .bss                                     0x200008fb   Section      455  gizwits_protocol.o(.bss)
    rbBuf                                    0x20000a82   Data          64  gizwits_protocol.o(.bss)
    STACK                                    0x20000ac8   Section     1024  startup_stm32f10x_md.o(STACK)

    Global Symbols

    Symbol Name                              Value     Ov Type        Size  Object(Section)

    BuildAttributes$$THM_ISAv4$P$D$K$B$S$PE$A:L22UL41UL21$X:L11$S22US41US21$IEEE1$IW$USESV6$~STKCKD$USESV7$~SHL$OTIME$ROPI$EBA8$MICROLIB$REQ8$PRES8$EABIv2 0x00000000   Number         0  anon$$obj.o ABSOLUTE
    __ARM_use_no_argv                        0x00000000   Number         0  main.o ABSOLUTE
    _printf_a                                0x00000000   Number         0  stubs.o ABSOLUTE
    _printf_c                                0x00000000   Number         0  stubs.o ABSOLUTE
    _printf_charcount                        0x00000000   Number         0  stubs.o ABSOLUTE
    _printf_d                                0x00000000   Number         0  stubs.o ABSOLUTE
    _printf_e                                0x00000000   Number         0  stubs.o ABSOLUTE
    _printf_f                                0x00000000   Number         0  stubs.o ABSOLUTE
    _printf_flags                            0x00000000   Number         0  stubs.o ABSOLUTE
    _printf_fp_dec                           0x00000000   Number         0  stubs.o ABSOLUTE
    _printf_fp_hex                           0x00000000   Number         0  stubs.o ABSOLUTE
    _printf_g                                0x00000000   Number         0  stubs.o ABSOLUTE
    _printf_i                                0x00000000   Number         0  stubs.o ABSOLUTE
    _printf_int_dec                          0x00000000   Number         0  stubs.o ABSOLUTE
    _printf_l                                0x00000000   Number         0  stubs.o ABSOLUTE
    _printf_lc                               0x00000000   Number         0  stubs.o ABSOLUTE
    _printf_ll                               0x00000000   Number         0  stubs.o ABSOLUTE
    _printf_lld                              0x00000000   Number         0  stubs.o ABSOLUTE
    _printf_lli                              0x00000000   Number         0  stubs.o ABSOLUTE
    _printf_llo                              0x00000000   Number         0  stubs.o ABSOLUTE
    _printf_llu                              0x00000000   Number         0  stubs.o ABSOLUTE
    _printf_llx                              0x00000000   Number         0  stubs.o ABSOLUTE
    _printf_longlong_dec                     0x00000000   Number         0  stubs.o ABSOLUTE
    _printf_longlong_hex                     0x00000000   Number         0  stubs.o ABSOLUTE
    _printf_longlong_oct                     0x00000000   Number         0  stubs.o ABSOLUTE
    _printf_ls                               0x00000000   Number         0  stubs.o ABSOLUTE
    _printf_mbtowc                           0x00000000   Number         0  stubs.o ABSOLUTE
    _printf_n                                0x00000000   Number         0  stubs.o ABSOLUTE
    _printf_o                                0x00000000   Number         0  stubs.o ABSOLUTE
    _printf_p                                0x00000000   Number         0  stubs.o ABSOLUTE
    _printf_percent                          0x00000000   Number         0  stubs.o ABSOLUTE
    _printf_pre_padding                      0x00000000   Number         0  stubs.o ABSOLUTE
    _printf_return_value                     0x00000000   Number         0  stubs.o ABSOLUTE
    _printf_s                                0x00000000   Number         0  stubs.o ABSOLUTE
    _printf_sizespec                         0x00000000   Number         0  stubs.o ABSOLUTE
    _printf_str                              0x00000000   Number         0  stubs.o ABSOLUTE
    _printf_truncate_signed                  0x00000000   Number         0  stubs.o ABSOLUTE
    _printf_truncate_unsigned                0x00000000   Number         0  stubs.o ABSOLUTE
    _printf_u                                0x00000000   Number         0  stubs.o ABSOLUTE
    _printf_wc                               0x00000000   Number         0  stubs.o ABSOLUTE
    _printf_wctomb                           0x00000000   Number         0  stubs.o ABSOLUTE
    _printf_widthprec                        0x00000000   Number         0  stubs.o ABSOLUTE
    _printf_x                                0x00000000   Number         0  stubs.o ABSOLUTE
    __cpp_initialize__aeabi_                  - Undefined Weak Reference
    __cxa_finalize                            - Undefined Weak Reference
    _clock_init                               - Undefined Weak Reference
    _microlib_exit                            - Undefined Weak Reference
    __Vectors_Size                           0x000000ec   Number         0  startup_stm32f10x_md.o ABSOLUTE
    __Vectors                                0x08000000   Data           4  startup_stm32f10x_md.o(RESET)
    __Vectors_End                            0x080000ec   Data           0  startup_stm32f10x_md.o(RESET)
    __main                                   0x080000ed   Thumb Code     0  entry.o(.ARM.Collect$$$$00000000)
    _main_stk                                0x080000ed   Thumb Code     0  entry2.o(.ARM.Collect$$$$00000001)
    _main_scatterload                        0x080000f1   Thumb Code     0  entry5.o(.ARM.Collect$$$$00000004)
    __main_after_scatterload                 0x080000f5   Thumb Code     0  entry5.o(.ARM.Collect$$$$00000004)
    _main_clock                              0x080000f5   Thumb Code     0  entry7b.o(.ARM.Collect$$$$00000008)
    _main_cpp_init                           0x080000f5   Thumb Code     0  entry8b.o(.ARM.Collect$$$$0000000A)
    _main_init                               0x080000f5   Thumb Code     0  entry9a.o(.ARM.Collect$$$$0000000B)
    __rt_final_cpp                           0x080000fd   Thumb Code     0  entry10a.o(.ARM.Collect$$$$0000000D)
    __rt_final_exit                          0x080000fd   Thumb Code     0  entry11a.o(.ARM.Collect$$$$0000000F)
    Reset_Handler                            0x08000101   Thumb Code     8  startup_stm32f10x_md.o(.text)
    CAN1_RX1_IRQHandler                      0x0800011b   Thumb Code     0  startup_stm32f10x_md.o(.text)
    CAN1_SCE_IRQHandler                      0x0800011b   Thumb Code     0  startup_stm32f10x_md.o(.text)
    DMA1_Channel1_IRQHandler                 0x0800011b   Thumb Code     0  startup_stm32f10x_md.o(.text)
    DMA1_Channel2_IRQHandler                 0x0800011b   Thumb Code     0  startup_stm32f10x_md.o(.text)
    DMA1_Channel3_IRQHandler                 0x0800011b   Thumb Code     0  startup_stm32f10x_md.o(.text)
    DMA1_Channel4_IRQHandler                 0x0800011b   Thumb Code     0  startup_stm32f10x_md.o(.text)
    DMA1_Channel5_IRQHandler                 0x0800011b   Thumb Code     0  startup_stm32f10x_md.o(.text)
    DMA1_Channel6_IRQHandler                 0x0800011b   Thumb Code     0  startup_stm32f10x_md.o(.text)
    DMA1_Channel7_IRQHandler                 0x0800011b   Thumb Code     0  startup_stm32f10x_md.o(.text)
    EXTI0_IRQHandler                         0x0800011b   Thumb Code     0  startup_stm32f10x_md.o(.text)
    EXTI15_10_IRQHandler                     0x0800011b   Thumb Code     0  startup_stm32f10x_md.o(.text)
    EXTI1_IRQHandler                         0x0800011b   Thumb Code     0  startup_stm32f10x_md.o(.text)
    EXTI2_IRQHandler                         0x0800011b   Thumb Code     0  startup_stm32f10x_md.o(.text)
    EXTI3_IRQHandler                         0x0800011b   Thumb Code     0  startup_stm32f10x_md.o(.text)
    EXTI4_IRQHandler                         0x0800011b   Thumb Code     0  startup_stm32f10x_md.o(.text)
    EXTI9_5_IRQHandler                       0x0800011b   Thumb Code     0  startup_stm32f10x_md.o(.text)
    FLASH_IRQHandler                         0x0800011b   Thumb Code     0  startup_stm32f10x_md.o(.text)
    I2C1_ER_IRQHandler                       0x0800011b   Thumb Code     0  startup_stm32f10x_md.o(.text)
    I2C1_EV_IRQHandler                       0x0800011b   Thumb Code     0  startup_stm32f10x_md.o(.text)
    I2C2_ER_IRQHandler                       0x0800011b   Thumb Code     0  startup_stm32f10x_md.o(.text)
    I2C2_EV_IRQHandler                       0x0800011b   Thumb Code     0  startup_stm32f10x_md.o(.text)
    PVD_IRQHandler                           0x0800011b   Thumb Code     0  startup_stm32f10x_md.o(.text)
    RCC_IRQHandler                           0x0800011b   Thumb Code     0  startup_stm32f10x_md.o(.text)
    RTCAlarm_IRQHandler                      0x0800011b   Thumb Code     0  startup_stm32f10x_md.o(.text)
    RTC_IRQHandler                           0x0800011b   Thumb Code     0  startup_stm32f10x_md.o(.text)
    SPI1_IRQHandler                          0x0800011b   Thumb Code     0  startup_stm32f10x_md.o(.text)
    SPI2_IRQHandler                          0x0800011b   Thumb Code     0  startup_stm32f10x_md.o(.text)
    TAMPER_IRQHandler                        0x0800011b   Thumb Code     0  startup_stm32f10x_md.o(.text)
    TIM1_BRK_IRQHandler                      0x0800011b   Thumb Code     0  startup_stm32f10x_md.o(.text)
    TIM1_CC_IRQHandler                       0x0800011b   Thumb Code     0  startup_stm32f10x_md.o(.text)
    TIM1_TRG_COM_IRQHandler                  0x0800011b   Thumb Code     0  startup_stm32f10x_md.o(.text)
    TIM1_UP_IRQHandler                       0x0800011b   Thumb Code     0  startup_stm32f10x_md.o(.text)
    USBWakeUp_IRQHandler                     0x0800011b   Thumb Code     0  startup_stm32f10x_md.o(.text)
    USB_HP_CAN1_TX_IRQHandler                0x0800011b   Thumb Code     0  startup_stm32f10x_md.o(.text)
    USB_LP_CAN1_RX0_IRQHandler               0x0800011b   Thumb Code     0  startup_stm32f10x_md.o(.text)
    WWDG_IRQHandler                          0x0800011b   Thumb Code     0  startup_stm32f10x_md.o(.text)
    NVIC_PriorityGroupConfig                 0x08000125   Thumb Code    10  misc.o(.text)
    NVIC_Init                                0x0800012f   Thumb Code   100  misc.o(.text)
    NVIC_SetVectorTable                      0x08000193   Thumb Code    14  misc.o(.text)
    NVIC_SystemLPConfig                      0x080001a1   Thumb Code    34  misc.o(.text)
    SysTick_CLKSourceConfig                  0x080001c3   Thumb Code    40  misc.o(.text)
    ADC_DeInit                               0x08000201   Thumb Code    78  stm32f10x_adc.o(.text)
    ADC_Init                                 0x0800024f   Thumb Code    70  stm32f10x_adc.o(.text)
    ADC_StructInit                           0x08000295   Thumb Code    18  stm32f10x_adc.o(.text)
    ADC_Cmd                                  0x080002a7   Thumb Code    22  stm32f10x_adc.o(.text)
    ADC_DMACmd                               0x080002bd   Thumb Code    22  stm32f10x_adc.o(.text)
    ADC_ITConfig                             0x080002d3   Thumb Code    24  stm32f10x_adc.o(.text)
    ADC_ResetCalibration                     0x080002eb   Thumb Code    10  stm32f10x_adc.o(.text)
    ADC_GetResetCalibrationStatus            0x080002f5   Thumb Code    20  stm32f10x_adc.o(.text)
    ADC_StartCalibration                     0x08000309   Thumb Code    10  stm32f10x_adc.o(.text)
    ADC_GetCalibrationStatus                 0x08000313   Thumb Code    20  stm32f10x_adc.o(.text)
    ADC_SoftwareStartConvCmd                 0x08000327   Thumb Code    22  stm32f10x_adc.o(.text)
    ADC_GetSoftwareStartConvStatus           0x0800033d   Thumb Code    20  stm32f10x_adc.o(.text)
    ADC_DiscModeChannelCountConfig           0x08000351   Thumb Code    24  stm32f10x_adc.o(.text)
    ADC_DiscModeCmd                          0x08000369   Thumb Code    22  stm32f10x_adc.o(.text)
    ADC_RegularChannelConfig                 0x0800037f   Thumb Code   184  stm32f10x_adc.o(.text)
    ADC_ExternalTrigConvCmd                  0x08000437   Thumb Code    22  stm32f10x_adc.o(.text)
    ADC_GetConversionValue                   0x0800044d   Thumb Code     8  stm32f10x_adc.o(.text)
    ADC_GetDualModeConversionValue           0x08000455   Thumb Code     8  stm32f10x_adc.o(.text)
    ADC_AutoInjectedConvCmd                  0x0800045d   Thumb Code    22  stm32f10x_adc.o(.text)
    ADC_InjectedDiscModeCmd                  0x08000473   Thumb Code    22  stm32f10x_adc.o(.text)
    ADC_ExternalTrigInjectedConvConfig       0x08000489   Thumb Code    16  stm32f10x_adc.o(.text)
    ADC_ExternalTrigInjectedConvCmd          0x08000499   Thumb Code    22  stm32f10x_adc.o(.text)
    ADC_SoftwareStartInjectedConvCmd         0x080004af   Thumb Code    22  stm32f10x_adc.o(.text)
    ADC_GetSoftwareStartInjectedConvCmdStatus 0x080004c5   Thumb Code    20  stm32f10x_adc.o(.text)
    ADC_InjectedChannelConfig                0x080004d9   Thumb Code   130  stm32f10x_adc.o(.text)
    ADC_InjectedSequencerLengthConfig        0x0800055b   Thumb Code    24  stm32f10x_adc.o(.text)
    ADC_SetInjectedOffset                    0x08000573   Thumb Code    20  stm32f10x_adc.o(.text)
    ADC_GetInjectedConversionValue           0x08000587   Thumb Code    28  stm32f10x_adc.o(.text)
    ADC_AnalogWatchdogCmd                    0x080005a3   Thumb Code    16  stm32f10x_adc.o(.text)
    ADC_AnalogWatchdogThresholdsConfig       0x080005b3   Thumb Code     6  stm32f10x_adc.o(.text)
    ADC_AnalogWatchdogSingleChannelConfig    0x080005b9   Thumb Code    16  stm32f10x_adc.o(.text)
    ADC_TempSensorVrefintCmd                 0x080005c9   Thumb Code    64  stm32f10x_adc.o(.text)
    ADC_GetFlagStatus                        0x08000609   Thumb Code    18  stm32f10x_adc.o(.text)
    ADC_ClearFlag                            0x0800061b   Thumb Code     6  stm32f10x_adc.o(.text)
    ADC_GetITStatus                          0x08000621   Thumb Code    36  stm32f10x_adc.o(.text)
    ADC_ClearITPendingBit                    0x08000645   Thumb Code    10  stm32f10x_adc.o(.text)
    DMA_DeInit                               0x08000651   Thumb Code   324  stm32f10x_dma.o(.text)
    DMA_Init                                 0x08000795   Thumb Code    60  stm32f10x_dma.o(.text)
    DMA_StructInit                           0x080007d1   Thumb Code    26  stm32f10x_dma.o(.text)
    DMA_Cmd                                  0x080007eb   Thumb Code    24  stm32f10x_dma.o(.text)
    DMA_ITConfig                             0x08000803   Thumb Code    18  stm32f10x_dma.o(.text)
    DMA_SetCurrDataCounter                   0x08000815   Thumb Code     4  stm32f10x_dma.o(.text)
    DMA_GetCurrDataCounter                   0x08000819   Thumb Code     8  stm32f10x_dma.o(.text)
    DMA_GetFlagStatus                        0x08000821   Thumb Code    40  stm32f10x_dma.o(.text)
    DMA_ClearFlag                            0x08000849   Thumb Code    22  stm32f10x_dma.o(.text)
    DMA_GetITStatus                          0x0800085f   Thumb Code    40  stm32f10x_dma.o(.text)
    DMA_ClearITPendingBit                    0x08000887   Thumb Code    22  stm32f10x_dma.o(.text)
    FLASH_SetLatency                         0x080008a5   Thumb Code    18  stm32f10x_flash.o(.text)
    FLASH_HalfCycleAccessCmd                 0x080008b7   Thumb Code    22  stm32f10x_flash.o(.text)
    FLASH_PrefetchBufferCmd                  0x080008cd   Thumb Code    22  stm32f10x_flash.o(.text)
    FLASH_Unlock                             0x080008e3   Thumb Code    12  stm32f10x_flash.o(.text)
    FLASH_UnlockBank1                        0x080008ef   Thumb Code    12  stm32f10x_flash.o(.text)
    FLASH_Lock                               0x080008fb   Thumb Code    14  stm32f10x_flash.o(.text)
    FLASH_LockBank1                          0x08000909   Thumb Code    14  stm32f10x_flash.o(.text)
    FLASH_GetBank1Status                     0x08000917   Thumb Code    48  stm32f10x_flash.o(.text)
    FLASH_WaitForLastOperation               0x08000947   Thumb Code    38  stm32f10x_flash.o(.text)
    FLASH_ErasePage                          0x0800096d   Thumb Code    72  stm32f10x_flash.o(.text)
    FLASH_EraseAllPages                      0x080009b5   Thumb Code    68  stm32f10x_flash.o(.text)
    FLASH_WaitForLastBank1Operation          0x080009f9   Thumb Code    38  stm32f10x_flash.o(.text)
    FLASH_EraseAllBank1Pages                 0x08000a1f   Thumb Code    68  stm32f10x_flash.o(.text)
    FLASH_GetReadOutProtectionStatus         0x08000a63   Thumb Code    20  stm32f10x_flash.o(.text)
    FLASH_EraseOptionBytes                   0x08000a77   Thumb Code   150  stm32f10x_flash.o(.text)
    FLASH_ProgramWord                        0x08000b0d   Thumb Code   102  stm32f10x_flash.o(.text)
    FLASH_ProgramHalfWord                    0x08000b73   Thumb Code    60  stm32f10x_flash.o(.text)
    FLASH_ProgramOptionByteData              0x08000baf   Thumb Code    72  stm32f10x_flash.o(.text)
    FLASH_EnableWriteProtection              0x08000bf7   Thumb Code   200  stm32f10x_flash.o(.text)
    FLASH_ReadOutProtection                  0x08000cbf   Thumb Code   156  stm32f10x_flash.o(.text)
    FLASH_UserOptionByteConfig               0x08000d5b   Thumb Code    88  stm32f10x_flash.o(.text)
    FLASH_GetUserOptionByte                  0x08000db3   Thumb Code     8  stm32f10x_flash.o(.text)
    FLASH_GetWriteProtectionOptionByte       0x08000dbb   Thumb Code     6  stm32f10x_flash.o(.text)
    FLASH_GetPrefetchBufferStatus            0x08000dc1   Thumb Code    20  stm32f10x_flash.o(.text)
    FLASH_ITConfig                           0x08000dd5   Thumb Code    26  stm32f10x_flash.o(.text)
    FLASH_GetFlagStatus                      0x08000def   Thumb Code    42  stm32f10x_flash.o(.text)
    FLASH_ClearFlag                          0x08000e19   Thumb Code     6  stm32f10x_flash.o(.text)
    FLASH_GetStatus                          0x08000e1f   Thumb Code    48  stm32f10x_flash.o(.text)
    GPIO_DeInit                              0x08000e61   Thumb Code   172  stm32f10x_gpio.o(.text)
    GPIO_AFIODeInit                          0x08000f0d   Thumb Code    20  stm32f10x_gpio.o(.text)
    GPIO_Init                                0x08000f21   Thumb Code   278  stm32f10x_gpio.o(.text)
    GPIO_StructInit                          0x08001037   Thumb Code    16  stm32f10x_gpio.o(.text)
    GPIO_ReadInputDataBit                    0x08001047   Thumb Code    18  stm32f10x_gpio.o(.text)
    GPIO_ReadInputData                       0x08001059   Thumb Code     8  stm32f10x_gpio.o(.text)
    GPIO_ReadOutputDataBit                   0x08001061   Thumb Code    18  stm32f10x_gpio.o(.text)
    GPIO_ReadOutputData                      0x08001073   Thumb Code     8  stm32f10x_gpio.o(.text)
    GPIO_SetBits                             0x0800107b   Thumb Code     4  stm32f10x_gpio.o(.text)
    GPIO_ResetBits                           0x0800107f   Thumb Code     4  stm32f10x_gpio.o(.text)
    GPIO_WriteBit                            0x08001083   Thumb Code    10  stm32f10x_gpio.o(.text)
    GPIO_Write                               0x0800108d   Thumb Code     4  stm32f10x_gpio.o(.text)
    GPIO_PinLockConfig                       0x08001091   Thumb Code    18  stm32f10x_gpio.o(.text)
    GPIO_EventOutputConfig                   0x080010a3   Thumb Code    26  stm32f10x_gpio.o(.text)
    GPIO_EventOutputCmd                      0x080010bd   Thumb Code     6  stm32f10x_gpio.o(.text)
    GPIO_PinRemapConfig                      0x080010c3   Thumb Code   138  stm32f10x_gpio.o(.text)
    GPIO_EXTILineConfig                      0x0800114d   Thumb Code    66  stm32f10x_gpio.o(.text)
    GPIO_ETH_MediaInterfaceConfig            0x0800118f   Thumb Code     8  stm32f10x_gpio.o(.text)
    RCC_DeInit                               0x080011bd   Thumb Code    64  stm32f10x_rcc.o(.text)
    RCC_HSEConfig                            0x080011fd   Thumb Code    70  stm32f10x_rcc.o(.text)
    RCC_GetFlagStatus                        0x08001243   Thumb Code    56  stm32f10x_rcc.o(.text)
    RCC_WaitForHSEStartUp                    0x0800127b   Thumb Code    56  stm32f10x_rcc.o(.text)
    RCC_AdjustHSICalibrationValue            0x080012b3   Thumb Code    20  stm32f10x_rcc.o(.text)
    RCC_HSICmd                               0x080012c7   Thumb Code     6  stm32f10x_rcc.o(.text)
    RCC_PLLConfig                            0x080012cd   Thumb Code    24  stm32f10x_rcc.o(.text)
    RCC_PLLCmd                               0x080012e5   Thumb Code     6  stm32f10x_rcc.o(.text)
    RCC_SYSCLKConfig                         0x080012eb   Thumb Code    18  stm32f10x_rcc.o(.text)
    RCC_GetSYSCLKSource                      0x080012fd   Thumb Code    10  stm32f10x_rcc.o(.text)
    RCC_HCLKConfig                           0x08001307   Thumb Code    18  stm32f10x_rcc.o(.text)
    RCC_PCLK1Config                          0x08001319   Thumb Code    18  stm32f10x_rcc.o(.text)
    RCC_PCLK2Config                          0x0800132b   Thumb Code    20  stm32f10x_rcc.o(.text)
    RCC_ITConfig                             0x0800133f   Thumb Code    26  stm32f10x_rcc.o(.text)
    RCC_USBCLKConfig                         0x08001359   Thumb Code     8  stm32f10x_rcc.o(.text)
    RCC_ADCCLKConfig                         0x08001361   Thumb Code    18  stm32f10x_rcc.o(.text)
    RCC_LSEConfig                            0x08001373   Thumb Code    50  stm32f10x_rcc.o(.text)
    RCC_LSICmd                               0x080013a5   Thumb Code     6  stm32f10x_rcc.o(.text)
    RCC_RTCCLKConfig                         0x080013ab   Thumb Code    12  stm32f10x_rcc.o(.text)
    RCC_RTCCLKCmd                            0x080013b7   Thumb Code     8  stm32f10x_rcc.o(.text)
    RCC_GetClocksFreq                        0x080013bf   Thumb Code   192  stm32f10x_rcc.o(.text)
    RCC_AHBPeriphClockCmd                    0x0800147f   Thumb Code    26  stm32f10x_rcc.o(.text)
    RCC_APB2PeriphClockCmd                   0x08001499   Thumb Code    26  stm32f10x_rcc.o(.text)
    RCC_APB1PeriphClockCmd                   0x080014b3   Thumb Code    26  stm32f10x_rcc.o(.text)
    RCC_APB2PeriphResetCmd                   0x080014cd   Thumb Code    26  stm32f10x_rcc.o(.text)
    RCC_APB1PeriphResetCmd                   0x080014e7   Thumb Code    26  stm32f10x_rcc.o(.text)
    RCC_BackupResetCmd                       0x08001501   Thumb Code     8  stm32f10x_rcc.o(.text)
    RCC_ClockSecuritySystemCmd               0x08001509   Thumb Code     6  stm32f10x_rcc.o(.text)
    RCC_MCOConfig                            0x0800150f   Thumb Code     6  stm32f10x_rcc.o(.text)
    RCC_ClearFlag                            0x08001515   Thumb Code    14  stm32f10x_rcc.o(.text)
    RCC_GetITStatus                          0x08001523   Thumb Code    20  stm32f10x_rcc.o(.text)
    RCC_ClearITPendingBit                    0x08001537   Thumb Code     6  stm32f10x_rcc.o(.text)
    TIM_DeInit                               0x08001561   Thumb Code   424  stm32f10x_tim.o(.text)
    TIM_TimeBaseInit                         0x08001709   Thumb Code   122  stm32f10x_tim.o(.text)
    TIM_OC1Init                              0x08001783   Thumb Code   132  stm32f10x_tim.o(.text)
    TIM_OC2Init                              0x08001807   Thumb Code   154  stm32f10x_tim.o(.text)
    TIM_OC3Init                              0x080018a1   Thumb Code   150  stm32f10x_tim.o(.text)
    TIM_OC4Init                              0x08001937   Thumb Code   182  stm32f10x_tim.o(.text)
    TIM_SetIC4Prescaler                      0x080019ed   Thumb Code    26  stm32f10x_tim.o(.text)
    TIM_SetIC3Prescaler                      0x08001a89   Thumb Code    18  stm32f10x_tim.o(.text)
    TIM_SetIC2Prescaler                      0x08001b15   Thumb Code    26  stm32f10x_tim.o(.text)
    TIM_SetIC1Prescaler                      0x08001bb1   Thumb Code    18  stm32f10x_tim.o(.text)
    TIM_ICInit                               0x08001c2f   Thumb Code   150  stm32f10x_tim.o(.text)
    TIM_PWMIConfig                           0x08001cc5   Thumb Code   124  stm32f10x_tim.o(.text)
    TIM_BDTRConfig                           0x08001d41   Thumb Code    32  stm32f10x_tim.o(.text)
    TIM_TimeBaseStructInit                   0x08001d61   Thumb Code    18  stm32f10x_tim.o(.text)
    TIM_OCStructInit                         0x08001d73   Thumb Code    20  stm32f10x_tim.o(.text)
    TIM_ICStructInit                         0x08001d87   Thumb Code    18  stm32f10x_tim.o(.text)
    TIM_BDTRStructInit                       0x08001d99   Thumb Code    40  stm32f10x_tim.o(.text)
    TIM_Cmd                                  0x08001dc1   Thumb Code    24  stm32f10x_tim.o(.text)
    TIM_CtrlPWMOutputs                       0x08001dd9   Thumb Code    30  stm32f10x_tim.o(.text)
    TIM_ITConfig                             0x08001df7   Thumb Code    18  stm32f10x_tim.o(.text)
    TIM_GenerateEvent                        0x08001e09   Thumb Code     4  stm32f10x_tim.o(.text)
    TIM_DMAConfig                            0x08001e0d   Thumb Code    10  stm32f10x_tim.o(.text)
    TIM_DMACmd                               0x08001e17   Thumb Code    18  stm32f10x_tim.o(.text)
    TIM_InternalClockConfig                  0x08001e29   Thumb Code    12  stm32f10x_tim.o(.text)
    TIM_SelectInputTrigger                   0x08001e35   Thumb Code    18  stm32f10x_tim.o(.text)
    TIM_ITRxExternalClockConfig              0x08001e47   Thumb Code    24  stm32f10x_tim.o(.text)
    TIM_TIxExternalClockConfig               0x08001e5f   Thumb Code    62  stm32f10x_tim.o(.text)
    TIM_ETRConfig                            0x08001e9d   Thumb Code    28  stm32f10x_tim.o(.text)
    TIM_ETRClockMode1Config                  0x08001eb9   Thumb Code    54  stm32f10x_tim.o(.text)
    TIM_ETRClockMode2Config                  0x08001eef   Thumb Code    32  stm32f10x_tim.o(.text)
    TIM_PrescalerConfig                      0x08001f0f   Thumb Code     6  stm32f10x_tim.o(.text)
    TIM_CounterModeConfig                    0x08001f15   Thumb Code    18  stm32f10x_tim.o(.text)
    TIM_EncoderInterfaceConfig               0x08001f27   Thumb Code    66  stm32f10x_tim.o(.text)
    TIM_ForcedOC1Config                      0x08001f69   Thumb Code    18  stm32f10x_tim.o(.text)
    TIM_ForcedOC2Config                      0x08001f7b   Thumb Code    26  stm32f10x_tim.o(.text)
    TIM_ForcedOC3Config                      0x08001f95   Thumb Code    18  stm32f10x_tim.o(.text)
    TIM_ForcedOC4Config                      0x08001fa7   Thumb Code    26  stm32f10x_tim.o(.text)
    TIM_ARRPreloadConfig                     0x08001fc1   Thumb Code    24  stm32f10x_tim.o(.text)
    TIM_SelectCOM                            0x08001fd9   Thumb Code    24  stm32f10x_tim.o(.text)
    TIM_SelectCCDMA                          0x08001ff1   Thumb Code    24  stm32f10x_tim.o(.text)
    TIM_CCPreloadControl                     0x08002009   Thumb Code    24  stm32f10x_tim.o(.text)
    TIM_OC1PreloadConfig                     0x08002021   Thumb Code    18  stm32f10x_tim.o(.text)
    TIM_OC2PreloadConfig                     0x08002033   Thumb Code    26  stm32f10x_tim.o(.text)
    TIM_OC3PreloadConfig                     0x0800204d   Thumb Code    18  stm32f10x_tim.o(.text)
    TIM_OC4PreloadConfig                     0x0800205f   Thumb Code    26  stm32f10x_tim.o(.text)
    TIM_OC1FastConfig                        0x08002079   Thumb Code    18  stm32f10x_tim.o(.text)
    TIM_OC2FastConfig                        0x0800208b   Thumb Code    26  stm32f10x_tim.o(.text)
    TIM_OC3FastConfig                        0x080020a5   Thumb Code    18  stm32f10x_tim.o(.text)
    TIM_OC4FastConfig                        0x080020b7   Thumb Code    26  stm32f10x_tim.o(.text)
    TIM_ClearOC1Ref                          0x080020d1   Thumb Code    18  stm32f10x_tim.o(.text)
    TIM_ClearOC2Ref                          0x080020e3   Thumb Code    24  stm32f10x_tim.o(.text)
    TIM_ClearOC3Ref                          0x080020fb   Thumb Code    18  stm32f10x_tim.o(.text)
    TIM_ClearOC4Ref                          0x0800210d   Thumb Code    24  stm32f10x_tim.o(.text)
    TIM_OC1PolarityConfig                    0x08002125   Thumb Code    18  stm32f10x_tim.o(.text)
    TIM_OC1NPolarityConfig                   0x08002137   Thumb Code    18  stm32f10x_tim.o(.text)
    TIM_OC2PolarityConfig                    0x08002149   Thumb Code    26  stm32f10x_tim.o(.text)
    TIM_OC2NPolarityConfig                   0x08002163   Thumb Code    26  stm32f10x_tim.o(.text)
    TIM_OC3PolarityConfig                    0x0800217d   Thumb Code    26  stm32f10x_tim.o(.text)
    TIM_OC3NPolarityConfig                   0x08002197   Thumb Code    26  stm32f10x_tim.o(.text)
    TIM_OC4PolarityConfig                    0x080021b1   Thumb Code    26  stm32f10x_tim.o(.text)
    TIM_CCxCmd                               0x080021cb   Thumb Code    30  stm32f10x_tim.o(.text)
    TIM_CCxNCmd                              0x080021e9   Thumb Code    30  stm32f10x_tim.o(.text)
    TIM_SelectOCxM                           0x08002207   Thumb Code    82  stm32f10x_tim.o(.text)
    TIM_UpdateDisableConfig                  0x08002259   Thumb Code    24  stm32f10x_tim.o(.text)
    TIM_UpdateRequestConfig                  0x08002271   Thumb Code    24  stm32f10x_tim.o(.text)
    TIM_SelectHallSensor                     0x08002289   Thumb Code    24  stm32f10x_tim.o(.text)
    TIM_SelectOnePulseMode                   0x080022a1   Thumb Code    18  stm32f10x_tim.o(.text)
    TIM_SelectOutputTrigger                  0x080022b3   Thumb Code    18  stm32f10x_tim.o(.text)
    TIM_SelectSlaveMode                      0x080022c5   Thumb Code    18  stm32f10x_tim.o(.text)
    TIM_SelectMasterSlaveMode                0x080022d7   Thumb Code    18  stm32f10x_tim.o(.text)
    TIM_SetCounter                           0x080022e9   Thumb Code     4  stm32f10x_tim.o(.text)
    TIM_SetAutoreload                        0x080022ed   Thumb Code     4  stm32f10x_tim.o(.text)
    TIM_SetCompare1                          0x080022f1   Thumb Code     4  stm32f10x_tim.o(.text)
    TIM_SetCompare2                          0x080022f5   Thumb Code     4  stm32f10x_tim.o(.text)
    TIM_SetCompare3                          0x080022f9   Thumb Code     4  stm32f10x_tim.o(.text)
    TIM_SetCompare4                          0x080022fd   Thumb Code     6  stm32f10x_tim.o(.text)
    TIM_SetClockDivision                     0x08002303   Thumb Code    18  stm32f10x_tim.o(.text)
    TIM_GetCapture1                          0x08002315   Thumb Code     6  stm32f10x_tim.o(.text)
    TIM_GetCapture2                          0x0800231b   Thumb Code     6  stm32f10x_tim.o(.text)
    TIM_GetCapture3                          0x08002321   Thumb Code     6  stm32f10x_tim.o(.text)
    TIM_GetCapture4                          0x08002327   Thumb Code     8  stm32f10x_tim.o(.text)
    TIM_GetCounter                           0x0800232f   Thumb Code     6  stm32f10x_tim.o(.text)
    TIM_GetPrescaler                         0x08002335   Thumb Code     6  stm32f10x_tim.o(.text)
    TIM_GetFlagStatus                        0x0800233b   Thumb Code    18  stm32f10x_tim.o(.text)
    TIM_ClearFlag                            0x0800234d   Thumb Code     6  stm32f10x_tim.o(.text)
    TIM_GetITStatus                          0x08002353   Thumb Code    34  stm32f10x_tim.o(.text)
    TIM_ClearITPendingBit                    0x08002375   Thumb Code     6  stm32f10x_tim.o(.text)
    USART_DeInit                             0x0800237d   Thumb Code   134  stm32f10x_usart.o(.text)
    USART_Init                               0x08002403   Thumb Code   210  stm32f10x_usart.o(.text)
    USART_StructInit                         0x080024d5   Thumb Code    24  stm32f10x_usart.o(.text)
    USART_ClockInit                          0x080024ed   Thumb Code    34  stm32f10x_usart.o(.text)
    USART_ClockStructInit                    0x0800250f   Thumb Code    12  stm32f10x_usart.o(.text)
    USART_Cmd                                0x0800251b   Thumb Code    24  stm32f10x_usart.o(.text)
    USART_ITConfig                           0x08002533   Thumb Code    74  stm32f10x_usart.o(.text)
    USART_DMACmd                             0x0800257d   Thumb Code    18  stm32f10x_usart.o(.text)
    USART_SetAddress                         0x0800258f   Thumb Code    18  stm32f10x_usart.o(.text)
    USART_WakeUpConfig                       0x080025a1   Thumb Code    18  stm32f10x_usart.o(.text)
    USART_ReceiverWakeUpCmd                  0x080025b3   Thumb Code    24  stm32f10x_usart.o(.text)
    USART_LINBreakDetectLengthConfig         0x080025cb   Thumb Code    18  stm32f10x_usart.o(.text)
    USART_LINCmd                             0x080025dd   Thumb Code    24  stm32f10x_usart.o(.text)
    USART_SendData                           0x080025f5   Thumb Code     8  stm32f10x_usart.o(.text)
    USART_ReceiveData                        0x080025fd   Thumb Code    10  stm32f10x_usart.o(.text)
    USART_SendBreak                          0x08002607   Thumb Code    10  stm32f10x_usart.o(.text)
    USART_SetGuardTime                       0x08002611   Thumb Code    16  stm32f10x_usart.o(.text)
    USART_SetPrescaler                       0x08002621   Thumb Code    16  stm32f10x_usart.o(.text)
    USART_SmartCardCmd                       0x08002631   Thumb Code    24  stm32f10x_usart.o(.text)
    USART_SmartCardNACKCmd                   0x08002649   Thumb Code    24  stm32f10x_usart.o(.text)
    USART_HalfDuplexCmd                      0x08002661   Thumb Code    24  stm32f10x_usart.o(.text)
    USART_OverSampling8Cmd                   0x08002679   Thumb Code    22  stm32f10x_usart.o(.text)
    USART_OneBitMethodCmd                    0x0800268f   Thumb Code    24  stm32f10x_usart.o(.text)
    USART_IrDAConfig                         0x080026a7   Thumb Code    18  stm32f10x_usart.o(.text)
    USART_IrDACmd                            0x080026b9   Thumb Code    24  stm32f10x_usart.o(.text)
    USART_GetFlagStatus                      0x080026d1   Thumb Code    26  stm32f10x_usart.o(.text)
    USART_ClearFlag                          0x080026eb   Thumb Code    18  stm32f10x_usart.o(.text)
    USART_GetITStatus                        0x080026fd   Thumb Code    84  stm32f10x_usart.o(.text)
    USART_ClearITPendingBit                  0x08002751   Thumb Code    52  stm32f10x_usart.o(.text)
    SystemInit                               0x08002863   Thumb Code    78  system_stm32f10x.o(.text)
    SystemCoreClockUpdate                    0x080028b1   Thumb Code   142  system_stm32f10x.o(.text)
    RCC_Configuration                        0x08002965   Thumb Code    90  main.o(.text)
    main                                     0x080029cb   Thumb Code    32  main.o(.text)
    NMI_Handler                              0x080029f1   Thumb Code     2  stm32f10x_it.o(.text)
    HardFault_Handler                        0x080029f3   Thumb Code     4  stm32f10x_it.o(.text)
    MemManage_Handler                        0x080029f7   Thumb Code     4  stm32f10x_it.o(.text)
    BusFault_Handler                         0x080029fb   Thumb Code     4  stm32f10x_it.o(.text)
    UsageFault_Handler                       0x080029ff   Thumb Code     4  stm32f10x_it.o(.text)
    SVC_Handler                              0x08002a03   Thumb Code     2  stm32f10x_it.o(.text)
    DebugMon_Handler                         0x08002a05   Thumb Code     2  stm32f10x_it.o(.text)
    PendSV_Handler                           0x08002a07   Thumb Code     2  stm32f10x_it.o(.text)
    SysTick_Handler                          0x08002a09   Thumb Code     2  stm32f10x_it.o(.text)
    assert_failed                            0x08002a0d   Thumb Code     2  appsys.o(.text)
    TurnONLight                              0x08002a0f   Thumb Code    18  appsys.o(.text)
    TurnOffLight                             0x08002a21   Thumb Code    18  appsys.o(.text)
    TurnOnAirCondit                          0x08002a33   Thumb Code    20  appsys.o(.text)
    TurnOffAirCondit                         0x08002a47   Thumb Code    20  appsys.o(.text)
    OpenCurtain                              0x08002a5b   Thumb Code    34  appsys.o(.text)
    CloseCurtain                             0x08002a7d   Thumb Code    36  appsys.o(.text)
    SetAutoMode                              0x08002aa1   Thumb Code     8  appsys.o(.text)
    SetManualMode                            0x08002aa9   Thumb Code     8  appsys.o(.text)
    gizwits_dataPoint_Init                   0x08002bbd   Thumb Code    28  appsys.o(.text)
    Gizwits_Init                             0x08002bd9   Thumb Code    26  appsys.o(.text)
    app_Ctl_Task                             0x08002bf3   Thumb Code   192  appsys.o(.text)
    OLED_InitPage                            0x08002cb3   Thumb Code   156  appsys.o(.text)
    app_OledUpdateParam                      0x08002d4f   Thumb Code   130  appsys.o(.text)
    app_SyncData_Task                        0x08002e35   Thumb Code   112  appsys.o(.text)
    app_GizwitsDataEvent_Handle              0x08002ea5   Thumb Code    26  appsys.o(.text)
    app_BspInit                              0x08002ebf   Thumb Code   130  appsys.o(.text)
    app_Process                              0x08002f41   Thumb Code    48  appsys.o(.text)
    Key1_short_press_up_handle               0x08002f71   Thumb Code    10  appsys.o(.text)
    Key1_long_press_down_handle              0x08002f7b   Thumb Code    10  appsys.o(.text)
    Key1_long_press_up_handle                0x08002f85   Thumb Code     2  appsys.o(.text)
    Key2_short_press_up_handle               0x08002f87   Thumb Code    30  appsys.o(.text)
    Key2_long_press_down_handle              0x08002fa5   Thumb Code    62  appsys.o(.text)
    Key2_long_press_up_handle                0x08002fe3   Thumb Code    10  appsys.o(.text)
    resetAllRowsPin                          0x08003009   Thumb Code    62  bsp_key.o(.text)
    Key_GPIO_Config                          0x08003047   Thumb Code   326  bsp_key.o(.text)
    getKeys                                  0x0800318d   Thumb Code   260  bsp_key.o(.text)
    readKeyValue                             0x08003291   Thumb Code   194  bsp_key.o(.text)
    drv_Key_Handle                           0x08003353   Thumb Code   396  bsp_key.o(.text)
    DHT11_Init                               0x08003515   Thumb Code    18  bsp_dht11.o(.text)
    DHT11_Read_TempAndHumidity               0x080035c1   Thumb Code   166  bsp_dht11.o(.text)
    LED_Init                                 0x0800366d   Thumb Code   116  led.o(.text)
    GPIO_TogglePin                           0x080036e1   Thumb Code     8  led.o(.text)
    SDA_OUT                                  0x08003701   Thumb Code    32  bh1750fvi.o(.text)
    SDA_IN                                   0x08003721   Thumb Code    32  bh1750fvi.o(.text)
    IIC_Stop                                 0x08003741   Thumb Code    44  bh1750fvi.o(.text)
    IIC_Send_Byte                            0x0800376d   Thumb Code    86  bh1750fvi.o(.text)
    IIC_Start                                0x080037c3   Thumb Code    50  bh1750fvi.o(.text)
    Single_Write_BH1750                      0x080037f5   Thumb Code    26  bh1750fvi.o(.text)
    IIC_Wait_Ack                             0x0800380f   Thumb Code    68  bh1750fvi.o(.text)
    bh_data_send                             0x08003853   Thumb Code    40  bh1750fvi.o(.text)
    BH1750_Init                              0x0800387b   Thumb Code    74  bh1750fvi.o(.text)
    IIC_Ack                                  0x080038c5   Thumb Code    48  bh1750fvi.o(.text)
    IIC_NAck                                 0x080038f5   Thumb Code    48  bh1750fvi.o(.text)
    IIC_Read_Byte                            0x08003925   Thumb Code    80  bh1750fvi.o(.text)
    bh_data_read                             0x08003975   Thumb Code    50  bh1750fvi.o(.text)
    Switch_GPIO_Config                       0x080039b5   Thumb Code    50  bsp_relay.o(.text)
    Switch_1ms_tick                          0x080039e7   Thumb Code    22  bsp_relay.o(.text)
    Switch_On                                0x080039fd   Thumb Code    10  bsp_relay.o(.text)
    ld3322_init                              0x08003a19   Thumb Code    12  snr1806.o(.text)
    Ld3322_RevOneFrameData                   0x08003a25   Thumb Code    30  snr1806.o(.text)
    RegisterLd3322                           0x08003a43   Thumb Code     6  snr1806.o(.text)
    drv_Ld3322_Handle                        0x08003a49   Thumb Code    70  snr1806.o(.text)
    ULN2003_ResetAllPhase                    0x08003a95   Thumb Code    26  uln2003.o(.text)
    Moto_Init                                0x08003aaf   Thumb Code    88  uln2003.o(.text)
    Motorcw                                  0x08003b07   Thumb Code   276  uln2003.o(.text)
    Motorccw                                 0x08003c1b   Thumb Code   276  uln2003.o(.text)
    MotorStop                                0x08003d2f   Thumb Code     8  uln2003.o(.text)
    Motor_PreSet                             0x08003d37   Thumb Code    10  uln2003.o(.text)
    Motor_Millisecond                        0x08003d41   Thumb Code   118  uln2003.o(.text)
    Buzzer_Millisecond_Tick                  0x08003dcd   Thumb Code   104  bsp_buzzer.o(.text)
    Buzzer_Init                              0x08003e35   Thumb Code    38  bsp_buzzer.o(.text)
    Buzzer_ShortBeep                         0x08003e5b   Thumb Code    22  bsp_buzzer.o(.text)
    Buzzer_LongBeep                          0x08003e71   Thumb Code    22  bsp_buzzer.o(.text)
    Buzzer_WarnOn                            0x08003e87   Thumb Code     8  bsp_buzzer.o(.text)
    Buzzer_WarnOff                           0x08003e8f   Thumb Code    32  bsp_buzzer.o(.text)
    OLED_IIC_Start                           0x08003ec9   Thumb Code    44  oled.o(.text)
    OLED_IIC_Stop                            0x08003ef5   Thumb Code    34  oled.o(.text)
    OLED_IIC_Wait_Ack                        0x08003f17   Thumb Code    24  oled.o(.text)
    OLED_Write_IIC_Byte                      0x08003f2f   Thumb Code    88  oled.o(.text)
    OLED_Write_IIC_Command                   0x08003f87   Thumb Code    44  oled.o(.text)
    OLED_Write_IIC_Data                      0x08003fb3   Thumb Code    44  oled.o(.text)
    OLED_WR_Byte                             0x08003fdf   Thumb Code    24  oled.o(.text)
    fill_picture                             0x08003ff7   Thumb Code    64  oled.o(.text)
    Delay_50ms                               0x08004037   Thumb Code    22  oled.o(.text)
    Delay_1ms                                0x0800404d   Thumb Code    26  oled.o(.text)
    OLED_Set_Pos                             0x08004067   Thumb Code    40  oled.o(.text)
    OLED_Display_On                          0x0800408f   Thumb Code    28  oled.o(.text)
    OLED_Display_Off                         0x080040ab   Thumb Code    28  oled.o(.text)
    OLED_Clear                               0x080040c7   Thumb Code    62  oled.o(.text)
    OLED_On                                  0x08004105   Thumb Code    62  oled.o(.text)
    OLED_ShowChar                            0x08004143   Thumb Code   154  oled.o(.text)
    oled_pow                                 0x080041dd   Thumb Code    22  oled.o(.text)
    OLED_ShowNumber                          0x080041f3   Thumb Code   136  oled.o(.text)
    OLED_ShowString                          0x0800427b   Thumb Code    66  oled.o(.text)
    OLED_ShowCHinese                         0x080042bd   Thumb Code    98  oled.o(.text)
    OLED_DrawBMP                             0x0800431f   Thumb Code   118  oled.o(.text)
    OLED_Float                               0x08004395   Thumb Code   442  oled.o(.text)
    OLED_Float2                              0x0800454f   Thumb Code   366  oled.o(.text)
    OLED_Num_write                           0x080046bd   Thumb Code    62  oled.o(.text)
    OLED_fuhao_write                         0x080046fb   Thumb Code    58  oled.o(.text)
    OLED_Num2                                0x08004735   Thumb Code   156  oled.o(.text)
    OLED_Num3                                0x080047d1   Thumb Code   200  oled.o(.text)
    OLED_Num4                                0x08004899   Thumb Code   134  oled.o(.text)
    OLED_Num5                                0x0800491f   Thumb Code   152  oled.o(.text)
    OLED_Init                                0x080049b7   Thumb Code   294  oled.o(.text)
    delay_init                               0x08004add   Thumb Code    50  delay.o(.text)
    delay_us                                 0x08004b0f   Thumb Code    72  delay.o(.text)
    delay_ms                                 0x08004b57   Thumb Code    72  delay.o(.text)
    fputc                                    0x08004bb1   Thumb Code    32  usart.o(.text)
    GetKey                                   0x08004bd1   Thumb Code    24  usart.o(.text)
    uart1_init                               0x08004be9   Thumb Code   170  usart.o(.text)
    uart2_init                               0x08004c93   Thumb Code   172  usart.o(.text)
    uart3_init                               0x08004d3f   Thumb Code   176  usart.o(.text)
    Uart_SendByte                            0x08004def   Thumb Code    30  usart.o(.text)
    Uart_SendStr                             0x08004e0d   Thumb Code    26  usart.o(.text)
    Uart_SendBuf                             0x08004e27   Thumb Code    34  usart.o(.text)
    USART1_IRQHandler                        0x08004e49   Thumb Code    78  usart.o(.text)
    USART2_IRQHandler                        0x08004e97   Thumb Code    78  usart.o(.text)
    USART3_IRQHandler                        0x08004ee5   Thumb Code    68  usart.o(.text)
    TIME_Init                                0x08004f55   Thumb Code    92  timer.o(.text)
    FML_TIME_Init                            0x08004fb1   Thumb Code    22  timer.o(.text)
    TIM4_IRQHandler                          0x08004fc7   Thumb Code    30  timer.o(.text)
    TIM4_Int_Init                            0x08004fe5   Thumb Code    90  timer.o(.text)
    TIM2_IRQHandler                          0x0800503f   Thumb Code   154  timer.o(.text)
    TIM3_IRQHandler                          0x080050d9   Thumb Code   154  timer.o(.text)
    FML_TIME_Start                           0x08005173   Thumb Code    58  timer.o(.text)
    FML_TIME_Stop                            0x080051ad   Thumb Code    58  timer.o(.text)
    FML_TIME_Register                        0x080051e7   Thumb Code    54  timer.o(.text)
    FML_TIME_Cnt_Register                    0x0800521d   Thumb Code    54  timer.o(.text)
    FML_TIME_UnRegister                      0x08005253   Thumb Code   118  timer.o(.text)
    ADC_COnfig                               0x080052d5   Thumb Code   138  adc.o(.text)
    ADC_NVIC_Config                          0x0800535f   Thumb Code    30  adc.o(.text)
    ADC_GPIO_Config                          0x0800537d   Thumb Code    32  adc.o(.text)
    ADC_Sensor_Init                          0x0800539d   Thumb Code    16  adc.o(.text)
    DMA_Configuration                        0x080053ad   Thumb Code    84  adc.o(.text)
    ADC1_2_IRQHandler                        0x08005401   Thumb Code    40  adc.o(.text)
    Water_GetResult                          0x08005429   Thumb Code     8  adc.o(.text)
    get_mq2_value                            0x08005431   Thumb Code    54  adc.o(.text)
    gizwitsEventProcess                      0x08005489   Thumb Code   212  gizwits_product.o(.text)
    userHandle                               0x0800555d   Thumb Code     2  gizwits_product.o(.text)
    userInit                                 0x0800555f   Thumb Code    12  gizwits_product.o(.text)
    gizTimerMs                               0x0800556b   Thumb Code    12  gizwits_product.o(.text)
    gizGetTimerCount                         0x08005577   Thumb Code     6  gizwits_product.o(.text)
    mcuRestart                               0x0800557d   Thumb Code    38  gizwits_product.o(.text)
    timerInit                                0x080055a3   Thumb Code     2  gizwits_product.o(.text)
    uartInit                                 0x080055a5   Thumb Code     2  gizwits_product.o(.text)
    uartWrite                                0x080055a7   Thumb Code    64  gizwits_product.o(.text)
    gizPutData                               0x08005601   Thumb Code    40  gizwits_protocol.o(.text)
    calculateDynamicBitPartLen               0x08005683   Thumb Code    60  gizwits_protocol.o(.text)
    gizwitsInit                              0x08006643   Thumb Code    30  gizwits_protocol.o(.text)
    gizwitsSetMode                           0x08006661   Thumb Code   534  gizwits_protocol.o(.text)
    gizwitsGetNTP                            0x08006877   Thumb Code    82  gizwits_protocol.o(.text)
    gizwitsGetModuleInfo                     0x080068c9   Thumb Code    88  gizwits_protocol.o(.text)
    gizwitsHandle                            0x0800695d   Thumb Code   510  gizwits_protocol.o(.text)
    gizwitsPassthroughData                   0x08006b5b   Thumb Code   146  gizwits_protocol.o(.text)
    gizProtocolSum                           0x08006bf1   Thumb Code    38  common.o(.text)
    exchangeBytes                            0x08006c17   Thumb Code    26  common.o(.text)
    exchangeWord                             0x08006c31   Thumb Code    26  common.o(.text)
    char2hex                                 0x08006c4b   Thumb Code   108  common.o(.text)
    checkStringIsNotZero                     0x08006cb7   Thumb Code    46  common.o(.text)
    returnWeekDay                            0x08006ce5   Thumb Code   156  common.o(.text)
    returnNtp2Wt                             0x08006dcd   Thumb Code   274  common.o(.text)
    str2Hex                                  0x08006edf   Thumb Code    80  common.o(.text)
    hex2Str                                  0x08006f2f   Thumb Code    82  common.o(.text)
    gizByteOrderExchange                     0x08006f89   Thumb Code    50  datapointtools.o(.text)
    gizY2X                                   0x08006fbb   Thumb Code    14  datapointtools.o(.text)
    gizX2Y                                   0x08006fc9   Thumb Code    12  datapointtools.o(.text)
    gizY2XFloat                              0x08006fd5   Thumb Code    42  datapointtools.o(.text)
    gizX2YFloat                              0x08006fff   Thumb Code    42  datapointtools.o(.text)
    gizAcrossByteJudge                       0x08007029   Thumb Code    42  datapointtools.o(.text)
    gizVarlenCompressValue                   0x08007053   Thumb Code   124  datapointtools.o(.text)
    gizVarlenDecompressionValue              0x080070cf   Thumb Code   196  datapointtools.o(.text)
    gizStandardDecompressionValue            0x08007193   Thumb Code   194  datapointtools.o(.text)
    gizStandardCompressValue                 0x08007255   Thumb Code   128  datapointtools.o(.text)
    rbCreate                                 0x080072d5   Thumb Code    22  ringbuffer.o(.text)
    rbDelete                                 0x080072eb   Thumb Code    24  ringbuffer.o(.text)
    rbCapacity                               0x08007303   Thumb Code    14  ringbuffer.o(.text)
    rbCanRead                                0x08007311   Thumb Code    56  ringbuffer.o(.text)
    rbCanWrite                               0x08007349   Thumb Code    30  ringbuffer.o(.text)
    rbRead                                   0x08007367   Thumb Code   162  ringbuffer.o(.text)
    rbWrite                                  0x08007409   Thumb Code   154  ringbuffer.o(.text)
    User_MemCmp                              0x080074a3   Thumb Code    34  user_common.o(.text)
    User_MemCpy                              0x080074c5   Thumb Code    24  user_common.o(.text)
    User_MemSet                              0x080074dd   Thumb Code    22  user_common.o(.text)
    toupper                                  0x080074f3   Thumb Code    12  toupper.o(.text)
    __aeabi_memcpy                           0x080074ff   Thumb Code    36  memcpya.o(.text)
    __aeabi_memcpy4                          0x080074ff   Thumb Code     0  memcpya.o(.text)
    __aeabi_memcpy8                          0x080074ff   Thumb Code     0  memcpya.o(.text)
    __aeabi_memset                           0x08007523   Thumb Code    14  memseta.o(.text)
    __aeabi_memset4                          0x08007523   Thumb Code     0  memseta.o(.text)
    __aeabi_memset8                          0x08007523   Thumb Code     0  memseta.o(.text)
    __aeabi_memclr                           0x08007531   Thumb Code     4  memseta.o(.text)
    __aeabi_memclr4                          0x08007531   Thumb Code     0  memseta.o(.text)
    __aeabi_memclr8                          0x08007531   Thumb Code     0  memseta.o(.text)
    _memset$wrapper                          0x08007535   Thumb Code    18  memseta.o(.text)
    strlen                                   0x08007547   Thumb Code    14  strlen.o(.text)
    strcmp                                   0x08007555   Thumb Code    28  strcmp.o(.text)
    __aeabi_fadd                             0x08007571   Thumb Code   164  fadd.o(.text)
    __aeabi_fsub                             0x08007615   Thumb Code     6  fadd.o(.text)
    __aeabi_frsub                            0x0800761b   Thumb Code     6  fadd.o(.text)
    __aeabi_fmul                             0x08007621   Thumb Code   100  fmul.o(.text)
    __aeabi_fdiv                             0x08007685   Thumb Code   124  fdiv.o(.text)
    __aeabi_dadd                             0x08007701   Thumb Code   322  dadd.o(.text)
    __aeabi_dsub                             0x08007843   Thumb Code     6  dadd.o(.text)
    __aeabi_drsub                            0x08007849   Thumb Code     6  dadd.o(.text)
    __aeabi_dmul                             0x0800784f   Thumb Code   228  dmul.o(.text)
    __aeabi_ui2f                             0x08007933   Thumb Code    10  ffltui.o(.text)
    __aeabi_i2d                              0x0800793d   Thumb Code    34  dflti.o(.text)
    __aeabi_ui2d                             0x0800795f   Thumb Code    26  dfltui.o(.text)
    __aeabi_f2uiz                            0x08007979   Thumb Code    40  ffixui.o(.text)
    __aeabi_d2iz                             0x080079a1   Thumb Code    62  dfixi.o(.text)
    __aeabi_d2uiz                            0x080079df   Thumb Code    50  dfixui.o(.text)
    __aeabi_f2d                              0x08007a11   Thumb Code    38  f2d.o(.text)
    __aeabi_cdcmpeq                          0x08007a39   Thumb Code     0  cdcmple.o(.text)
    __aeabi_cdcmple                          0x08007a39   Thumb Code    48  cdcmple.o(.text)
    __aeabi_cdrcmple                         0x08007a69   Thumb Code    48  cdrcmple.o(.text)
    __aeabi_d2f                              0x08007a99   Thumb Code    56  d2f.o(.text)
    __aeabi_cfcmpeq                          0x08007ad1   Thumb Code     0  cfcmple.o(.text)
    __aeabi_cfcmple                          0x08007ad1   Thumb Code    20  cfcmple.o(.text)
    __aeabi_uidiv                            0x08007ae5   Thumb Code     0  uidiv.o(.text)
    __aeabi_uidivmod                         0x08007ae5   Thumb Code    44  uidiv.o(.text)
    __aeabi_uldivmod                         0x08007b11   Thumb Code    98  uldiv.o(.text)
    __aeabi_llsl                             0x08007b73   Thumb Code    30  llshl.o(.text)
    _ll_shift_l                              0x08007b73   Thumb Code     0  llshl.o(.text)
    __aeabi_llsr                             0x08007b91   Thumb Code    32  llushr.o(.text)
    _ll_ushift_r                             0x08007b91   Thumb Code     0  llushr.o(.text)
    __aeabi_lasr                             0x08007bb1   Thumb Code    36  llsshr.o(.text)
    _ll_sshift_r                             0x08007bb1   Thumb Code     0  llsshr.o(.text)
    __I$use$fp                               0x08007bd5   Thumb Code     0  iusefp.o(.text)
    _float_round                             0x08007bd5   Thumb Code    18  fepilogue.o(.text)
    _float_epilogue                          0x08007be7   Thumb Code    92  fepilogue.o(.text)
    _double_round                            0x08007c43   Thumb Code    30  depilogue.o(.text)
    _double_epilogue                         0x08007c61   Thumb Code   156  depilogue.o(.text)
    __aeabi_ddiv                             0x08007cfd   Thumb Code   222  ddiv.o(.text)
    __aeabi_d2ulz                            0x08007ddb   Thumb Code    48  dfixul.o(.text)
    __scatterload                            0x08007e0d   Thumb Code    28  init.o(.text)
    __scatterload_rt2                        0x08007e0d   Thumb Code     0  init.o(.text)
    __decompress                             0x08007e31   Thumb Code     0  __dclz77c.o(.text)
    __decompress2                            0x08007e31   Thumb Code    94  __dclz77c.o(.text)
    __0sprintf                               0x08007e91   Thumb Code    34  printfa.o(i.__0sprintf)
    __1sprintf                               0x08007e91   Thumb Code     0  printfa.o(i.__0sprintf)
    __2sprintf                               0x08007e91   Thumb Code     0  printfa.o(i.__0sprintf)
    __c89sprintf                             0x08007e91   Thumb Code     0  printfa.o(i.__0sprintf)
    sprintf                                  0x08007e91   Thumb Code     0  printfa.o(i.__0sprintf)
    __scatterload_copy                       0x08007eb9   Thumb Code    14  handlers.o(i.__scatterload_copy)
    __scatterload_null                       0x08007ec7   Thumb Code     2  handlers.o(i.__scatterload_null)
    __scatterload_zeroinit                   0x08007ec9   Thumb Code    14  handlers.o(i.__scatterload_zeroinit)
    free                                     0x08008795   Thumb Code    76  malloc.o(i.free)
    F6x8                                     0x080087e4   Data         552  oled.o(.constdata)
    F8X16                                    0x08008a0c   Data        1536  oled.o(.constdata)
    Region$$Table$$Base                      0x0800909c   Number         0  anon$$obj.o(Region$$Table)
    Region$$Table$$Limit                     0x080090bc   Number         0  anon$$obj.o(Region$$Table)
    SystemCoreClock                          0x20000014   Data           4  system_stm32f10x.o(.data)
    AHBPrescTable                            0x20000018   Data          16  system_stm32f10x.o(.data)
    single_key_table                         0x20000028   Data          54  appparam.o(.data)
    keyhandle                                0x2000005e   Data          18  appparam.o(.data)
    dht11_data                               0x20000070   Data           5  appparam.o(.data)
    SysParamHandle                           0x20000078   Data          56  appparam.o(.data)
    CmdList                                  0x200000b4   Data          80  appsys.o(.data)
    gs_Ld3322Handle                          0x20000118   Data          16  snr1806.o(.data)
    Hzk                                      0x20000135   Data        1344  oled.o(.data)
    AD_Value                                 0x20000680   Data           2  adc.o(.data)
    resurt                                   0x20000682   Data           2  adc.o(.data)
    aRxBuffer                                0x20000688   Data           1  gizwits_product.o(.data)
    gfunCallback                             0x2000068c   Data           4  gizwits_product.o(.data)
    __microlib_freelist                      0x200006a0   Data           4  mvars.o(.data)
    matrix_key_table                         0x200006a4   Data         198  appparam.o(.bss)
    buff                                     0x2000076a   Data          30  appsys.o(.bss)
    gs_MotorHandle                           0x200007a8   Data          20  uln2003.o(.bss)
    Uart1_Rx_Buf                             0x200007bc   Data          50  usart.o(.bss)
    Uart2_Rx_Buf                             0x200007ee   Data          32  usart.o(.bss)
    Uart3_Rx_Buf                             0x2000080e   Data          30  usart.o(.bss)
    currentDataPoint                         0x200008d8   Data          35  gizwits_product.o(.bss)
    gizwitsProtocol                          0x200008fb   Data         375  gizwits_protocol.o(.bss)
    pRb                                      0x20000a72   Data          16  gizwits_protocol.o(.bss)
    __initial_sp                             0x20000ec8   Data           0  startup_stm32f10x_md.o(STACK)



==============================================================================

Memory Map of the image

  Image Entry point : 0x080000ed

  Load Region LR_IROM1 (Base: 0x08000000, Size: 0x00009760, Max: 0x00010000, ABSOLUTE, COMPRESSED[0x0000937c])

    Execution Region ER_IROM1 (Exec base: 0x08000000, Load base: 0x08000000, Size: 0x000090bc, Max: 0x00010000, ABSOLUTE)

    Exec Addr    Load Addr    Size         Type   Attr      Idx    E Section Name        Object

    0x08000000   0x08000000   0x000000ec   Data   RO            3    RESET               startup_stm32f10x_md.o
    0x080000ec   0x080000ec   0x00000000   Code   RO          893  * .ARM.Collect$$$$00000000  mc_w.l(entry.o)
    0x080000ec   0x080000ec   0x00000004   Code   RO         1229    .ARM.Collect$$$$00000001  mc_w.l(entry2.o)
    0x080000f0   0x080000f0   0x00000004   Code   RO         1232    .ARM.Collect$$$$00000004  mc_w.l(entry5.o)
    0x080000f4   0x080000f4   0x00000000   Code   RO         1234    .ARM.Collect$$$$00000008  mc_w.l(entry7b.o)
    0x080000f4   0x080000f4   0x00000000   Code   RO         1236    .ARM.Collect$$$$0000000A  mc_w.l(entry8b.o)
    0x080000f4   0x080000f4   0x00000008   Code   RO         1237    .ARM.Collect$$$$0000000B  mc_w.l(entry9a.o)
    0x080000fc   0x080000fc   0x00000000   Code   RO         1239    .ARM.Collect$$$$0000000D  mc_w.l(entry10a.o)
    0x080000fc   0x080000fc   0x00000000   Code   RO         1241    .ARM.Collect$$$$0000000F  mc_w.l(entry11a.o)
    0x080000fc   0x080000fc   0x00000004   Code   RO         1230    .ARM.Collect$$$$00002712  mc_w.l(entry2.o)
    0x08000100   0x08000100   0x00000024   Code   RO            4    .text               startup_stm32f10x_md.o
    0x08000124   0x08000124   0x000000dc   Code   RO           10    .text               misc.o
    0x08000200   0x08000200   0x0000044e   Code   RO          106    .text               stm32f10x_adc.o
    0x0800064e   0x0800064e   0x00000002   PAD
    0x08000650   0x08000650   0x00000254   Code   RO          181    .text               stm32f10x_dma.o
    0x080008a4   0x080008a4   0x000005bc   Code   RO          205    .text               stm32f10x_flash.o
    0x08000e60   0x08000e60   0x0000035c   Code   RO          217    .text               stm32f10x_gpio.o
    0x080011bc   0x080011bc   0x000003a4   Code   RO          265    .text               stm32f10x_rcc.o
    0x08001560   0x08001560   0x00000e1a   Code   RO          291    .text               stm32f10x_tim.o
    0x0800237a   0x0800237a   0x00000002   PAD
    0x0800237c   0x0800237c   0x00000408   Code   RO          303    .text               stm32f10x_usart.o
    0x08002784   0x08002784   0x000001e0   Code   RO          325    .text               system_stm32f10x.o
    0x08002964   0x08002964   0x0000008c   Code   RO          343    .text               main.o
    0x080029f0   0x080029f0   0x0000001a   Code   RO          492    .text               stm32f10x_it.o
    0x08002a0a   0x08002a0a   0x00000002   PAD
    0x08002a0c   0x08002a0c   0x000005fc   Code   RO          538    .text               appsys.o
    0x08003008   0x08003008   0x000004e4   Code   RO          563    .text               bsp_key.o
    0x080034ec   0x080034ec   0x00000180   Code   RO          579    .text               bsp_dht11.o
    0x0800366c   0x0800366c   0x00000094   Code   RO          591    .text               led.o
    0x08003700   0x08003700   0x000002b4   Code   RO          603    .text               bh1750fvi.o
    0x080039b4   0x080039b4   0x00000064   Code   RO          615    .text               bsp_relay.o
    0x08003a18   0x08003a18   0x0000007c   Code   RO          629    .text               snr1806.o
    0x08003a94   0x08003a94   0x00000338   Code   RO          655    .text               uln2003.o
    0x08003dcc   0x08003dcc   0x000000fc   Code   RO          671    .text               bsp_buzzer.o
    0x08003ec8   0x08003ec8   0x00000c14   Code   RO          685    .text               oled.o
    0x08004adc   0x08004adc   0x000000d4   Code   RO          710    .text               delay.o
    0x08004bb0   0x08004bb0   0x000003a4   Code   RO          730    .text               usart.o
    0x08004f54   0x08004f54   0x00000380   Code   RO          746    .text               timer.o
    0x080052d4   0x080052d4   0x000001b4   Code   RO          781    .text               adc.o
    0x08005488   0x08005488   0x00000178   Code   RO          799    .text               gizwits_product.o
    0x08005600   0x08005600   0x000015f0   Code   RO          822    .text               gizwits_protocol.o
    0x08006bf0   0x08006bf0   0x00000398   Code   RO          844    .text               common.o
    0x08006f88   0x08006f88   0x0000034c   Code   RO          857    .text               datapointtools.o
    0x080072d4   0x080072d4   0x000001ce   Code   RO          869    .text               ringbuffer.o
    0x080074a2   0x080074a2   0x00000050   Code   RO          881    .text               user_common.o
    0x080074f2   0x080074f2   0x0000000c   Code   RO          896    .text               mc_w.l(toupper.o)
    0x080074fe   0x080074fe   0x00000024   Code   RO          898    .text               mc_w.l(memcpya.o)
    0x08007522   0x08007522   0x00000024   Code   RO          900    .text               mc_w.l(memseta.o)
    0x08007546   0x08007546   0x0000000e   Code   RO          902    .text               mc_w.l(strlen.o)
    0x08007554   0x08007554   0x0000001c   Code   RO          904    .text               mc_w.l(strcmp.o)
    0x08007570   0x08007570   0x000000b0   Code   RO         1197    .text               mf_w.l(fadd.o)
    0x08007620   0x08007620   0x00000064   Code   RO         1199    .text               mf_w.l(fmul.o)
    0x08007684   0x08007684   0x0000007c   Code   RO         1201    .text               mf_w.l(fdiv.o)
    0x08007700   0x08007700   0x0000014e   Code   RO         1203    .text               mf_w.l(dadd.o)
    0x0800784e   0x0800784e   0x000000e4   Code   RO         1205    .text               mf_w.l(dmul.o)
    0x08007932   0x08007932   0x0000000a   Code   RO         1207    .text               mf_w.l(ffltui.o)
    0x0800793c   0x0800793c   0x00000022   Code   RO         1209    .text               mf_w.l(dflti.o)
    0x0800795e   0x0800795e   0x0000001a   Code   RO         1211    .text               mf_w.l(dfltui.o)
    0x08007978   0x08007978   0x00000028   Code   RO         1213    .text               mf_w.l(ffixui.o)
    0x080079a0   0x080079a0   0x0000003e   Code   RO         1215    .text               mf_w.l(dfixi.o)
    0x080079de   0x080079de   0x00000032   Code   RO         1217    .text               mf_w.l(dfixui.o)
    0x08007a10   0x08007a10   0x00000026   Code   RO         1219    .text               mf_w.l(f2d.o)
    0x08007a36   0x08007a36   0x00000002   PAD
    0x08007a38   0x08007a38   0x00000030   Code   RO         1221    .text               mf_w.l(cdcmple.o)
    0x08007a68   0x08007a68   0x00000030   Code   RO         1223    .text               mf_w.l(cdrcmple.o)
    0x08007a98   0x08007a98   0x00000038   Code   RO         1225    .text               mf_w.l(d2f.o)
    0x08007ad0   0x08007ad0   0x00000014   Code   RO         1227    .text               mf_w.l(cfcmple.o)
    0x08007ae4   0x08007ae4   0x0000002c   Code   RO         1244    .text               mc_w.l(uidiv.o)
    0x08007b10   0x08007b10   0x00000062   Code   RO         1246    .text               mc_w.l(uldiv.o)
    0x08007b72   0x08007b72   0x0000001e   Code   RO         1248    .text               mc_w.l(llshl.o)
    0x08007b90   0x08007b90   0x00000020   Code   RO         1250    .text               mc_w.l(llushr.o)
    0x08007bb0   0x08007bb0   0x00000024   Code   RO         1252    .text               mc_w.l(llsshr.o)
    0x08007bd4   0x08007bd4   0x00000000   Code   RO         1256    .text               mc_w.l(iusefp.o)
    0x08007bd4   0x08007bd4   0x0000006e   Code   RO         1257    .text               mf_w.l(fepilogue.o)
    0x08007c42   0x08007c42   0x000000ba   Code   RO         1259    .text               mf_w.l(depilogue.o)
    0x08007cfc   0x08007cfc   0x000000de   Code   RO         1261    .text               mf_w.l(ddiv.o)
    0x08007dda   0x08007dda   0x00000030   Code   RO         1263    .text               mf_w.l(dfixul.o)
    0x08007e0a   0x08007e0a   0x00000002   PAD
    0x08007e0c   0x08007e0c   0x00000024   Code   RO         1265    .text               mc_w.l(init.o)
    0x08007e30   0x08007e30   0x0000005e   Code   RO         1275    .text               mc_w.l(__dclz77c.o)
    0x08007e8e   0x08007e8e   0x00000002   PAD
    0x08007e90   0x08007e90   0x00000028   Code   RO         1143    i.__0sprintf        mc_w.l(printfa.o)
    0x08007eb8   0x08007eb8   0x0000000e   Code   RO         1269    i.__scatterload_copy  mc_w.l(handlers.o)
    0x08007ec6   0x08007ec6   0x00000002   Code   RO         1270    i.__scatterload_null  mc_w.l(handlers.o)
    0x08007ec8   0x08007ec8   0x0000000e   Code   RO         1271    i.__scatterload_zeroinit  mc_w.l(handlers.o)
    0x08007ed6   0x08007ed6   0x00000002   PAD
    0x08007ed8   0x08007ed8   0x00000184   Code   RO         1148    i._fp_digits        mc_w.l(printfa.o)
    0x0800805c   0x0800805c   0x000006dc   Code   RO         1149    i._printf_core      mc_w.l(printfa.o)
    0x08008738   0x08008738   0x00000024   Code   RO         1150    i._printf_post_padding  mc_w.l(printfa.o)
    0x0800875c   0x0800875c   0x0000002e   Code   RO         1151    i._printf_pre_padding  mc_w.l(printfa.o)
    0x0800878a   0x0800878a   0x0000000a   Code   RO         1153    i._sputc            mc_w.l(printfa.o)
    0x08008794   0x08008794   0x00000050   Code   RO         1169    i.free              mc_w.l(malloc.o)
    0x080087e4   0x080087e4   0x00000828   Data   RO          686    .constdata          oled.o
    0x0800900c   0x0800900c   0x00000030   Data   RO          845    .constdata          common.o
    0x0800903c   0x0800903c   0x0000005d   Data   RO          540    .conststring        appsys.o
    0x08009099   0x08009099   0x00000003   PAD
    0x0800909c   0x0800909c   0x00000020   Data   RO         1267    Region$$Table       anon$$obj.o


    Execution Region RW_IRAM1 (Exec base: 0x20000000, Load base: 0x080090bc, Size: 0x00000ec8, Max: 0x00005000, ABSOLUTE, COMPRESSED[0x000002c0])

    Exec Addr    Load Addr    Size         Type   Attr      Idx    E Section Name        Object

    0x20000000   COMPRESSED   0x00000014   Data   RW          266    .data               stm32f10x_rcc.o
    0x20000014   COMPRESSED   0x00000014   Data   RW          326    .data               system_stm32f10x.o
    0x20000028   COMPRESSED   0x00000088   Data   RW          508    .data               appparam.o
    0x200000b0   COMPRESSED   0x00000059   Data   RW          541    .data               appsys.o
    0x20000109   COMPRESSED   0x00000003   PAD
    0x2000010c   COMPRESSED   0x00000008   Data   RW          564    .data               bsp_key.o
    0x20000114   COMPRESSED   0x00000004   Data   RW          616    .data               bsp_relay.o
    0x20000118   COMPRESSED   0x00000010   Data   RW          631    .data               snr1806.o
    0x20000128   COMPRESSED   0x00000001   Data   RW          657    .data               uln2003.o
    0x20000129   COMPRESSED   0x00000003   PAD
    0x2000012c   COMPRESSED   0x00000009   Data   RW          672    .data               bsp_buzzer.o
    0x20000135   COMPRESSED   0x00000540   Data   RW          687    .data               oled.o
    0x20000675   COMPRESSED   0x00000001   PAD
    0x20000676   COMPRESSED   0x00000004   Data   RW          711    .data               delay.o
    0x2000067a   COMPRESSED   0x00000006   Data   RW          732    .data               usart.o
    0x20000680   COMPRESSED   0x00000004   Data   RW          782    .data               adc.o
    0x20000684   COMPRESSED   0x0000000c   Data   RW          801    .data               gizwits_product.o
    0x20000690   COMPRESSED   0x00000010   Data   RW          824    .data               gizwits_protocol.o
    0x200006a0   COMPRESSED   0x00000004   Data   RW         1254    .data               mc_w.l(mvars.o)
    0x200006a4        -       0x000000c6   Zero   RW          507    .bss                appparam.o
    0x2000076a        -       0x0000001e   Zero   RW          539    .bss                appsys.o
    0x20000788        -       0x0000001e   Zero   RW          630    .bss                snr1806.o
    0x200007a6   COMPRESSED   0x00000002   PAD
    0x200007a8        -       0x00000014   Zero   RW          656    .bss                uln2003.o
    0x200007bc        -       0x00000070   Zero   RW          731    .bss                usart.o
    0x2000082c        -       0x000000ac   Zero   RW          747    .bss                timer.o
    0x200008d8        -       0x00000023   Zero   RW          800    .bss                gizwits_product.o
    0x200008fb        -       0x000001c7   Zero   RW          823    .bss                gizwits_protocol.o
    0x20000ac2   COMPRESSED   0x00000006   PAD
    0x20000ac8        -       0x00000400   Zero   RW            1    STACK               startup_stm32f10x_md.o


==============================================================================

Image component sizes


      Code (inc. data)   RO Data    RW Data    ZI Data      Debug   Object Name

       436         34          0          4          0       2569   adc.o
         0          0          0        136        198       7674   appparam.o
      1532         94         93         89         30       9265   appsys.o
       692         14          0          0          0       2844   bh1750fvi.o
       252         26          0          9          0       1568   bsp_buzzer.o
       384          6          0          0          0       1972   bsp_dht11.o
      1252         14          0          8          0       5178   bsp_key.o
       100         18          0          4          0       1123   bsp_relay.o
       920          8         48          0          0       4381   common.o
       844          0          0          0          0       5498   datapointtools.o
       212         18          0          4          0       1167   delay.o
       376         48          0         12         35      19715   gizwits_product.o
      5616        238          0         16        455      13453   gizwits_protocol.o
       148         24          0          0          0       1206   led.o
       140          6          0          0          0     215392   main.o
       220         22          0          0          0     280117   misc.o
      3092         34       2088       1344          0      10547   oled.o
       462          0          0          0          0       2755   ringbuffer.o
       124          6          0         16         30       2892   snr1806.o
        36          8        236          0       1024        976   startup_stm32f10x_md.o
      1102         26          0          0          0      11289   stm32f10x_adc.o
       596          8          0          0          0       4610   stm32f10x_dma.o
      1468         34          0          0          0       8454   stm32f10x_flash.o
       860         38          0          0          0       5977   stm32f10x_gpio.o
        26          0          0          0          0       1258   stm32f10x_it.o
       932         36          0         20          0       9244   stm32f10x_rcc.o
      3610         88          0          0          0      23088   stm32f10x_tim.o
      1032         22          0          0          0       8704   stm32f10x_usart.o
       480         38          0         20          0       2243   system_stm32f10x.o
       896         12          0          0        172       4855   timer.o
       824         38          0          1         20       2269   uln2003.o
       932         44          0          6        112       4079   usart.o
        80          0          0          0          0       1738   user_common.o

    ----------------------------------------------------------------------
     29682       1002       2500       1696       2084     678100   Object Totals
         0          0         32          0          0          0   (incl. Generated)
         6          0          3          7          8          0   (incl. Padding)

    ----------------------------------------------------------------------

      Code (inc. data)   RO Data    RW Data    ZI Data      Debug   Library Member Name

        94          0          0          0          0          0   __dclz77c.o
         0          0          0          0          0          0   entry.o
         0          0          0          0          0          0   entry10a.o
         0          0          0          0          0          0   entry11a.o
         8          4          0          0          0          0   entry2.o
         4          0          0          0          0          0   entry5.o
         0          0          0          0          0          0   entry7b.o
         0          0          0          0          0          0   entry8b.o
         8          4          0          0          0          0   entry9a.o
        30          0          0          0          0          0   handlers.o
        36          8          0          0          0         68   init.o
         0          0          0          0          0          0   iusefp.o
        30          0          0          0          0         68   llshl.o
        36          0          0          0          0         68   llsshr.o
        32          0          0          0          0         68   llushr.o
        80          4          0          0          0         76   malloc.o
        36          0          0          0          0         68   memcpya.o
        36          0          0          0          0        108   memseta.o
         0          0          0          4          0          0   mvars.o
      2276         86          0          0          0        520   printfa.o
        28          0          0          0          0         76   strcmp.o
        14          0          0          0          0         68   strlen.o
        12          0          0          0          0         68   toupper.o
        44          0          0          0          0         80   uidiv.o
        98          0          0          0          0         92   uldiv.o
        48          0          0          0          0         68   cdcmple.o
        48          0          0          0          0         68   cdrcmple.o
        20          0          0          0          0         68   cfcmple.o
        56          0          0          0          0         88   d2f.o
       334          0          0          0          0        148   dadd.o
       222          0          0          0          0        100   ddiv.o
       186          0          0          0          0        176   depilogue.o
        62          0          0          0          0         80   dfixi.o
        50          0          0          0          0         76   dfixui.o
        48          0          0          0          0         68   dfixul.o
        34          0          0          0          0         76   dflti.o
        26          0          0          0          0         76   dfltui.o
       228          0          0          0          0         96   dmul.o
        38          0          0          0          0         68   f2d.o
       176          0          0          0          0        140   fadd.o
       124          0          0          0          0         88   fdiv.o
       110          0          0          0          0        168   fepilogue.o
        40          0          0          0          0         68   ffixui.o
        10          0          0          0          0         68   ffltui.o
       100          0          0          0          0         76   fmul.o

    ----------------------------------------------------------------------
      4870        106          0          4          0       3292   Library Totals
         8          0          0          0          0          0   (incl. Padding)

    ----------------------------------------------------------------------

      Code (inc. data)   RO Data    RW Data    ZI Data      Debug   Library Name

      2902        106          0          4          0       1428   mc_w.l
      1960          0          0          0          0       1864   mf_w.l

    ----------------------------------------------------------------------
      4870        106          0          4          0       3292   Library Totals

    ----------------------------------------------------------------------

==============================================================================


      Code (inc. data)   RO Data    RW Data    ZI Data      Debug   

     34552       1108       2500       1700       2084     676580   Grand Totals
     34552       1108       2500        704       2084     676580   ELF Image Totals (compressed)
     34552       1108       2500        704          0          0   ROM Totals

==============================================================================

    Total RO  Size (Code + RO Data)                37052 (  36.18kB)
    Total RW  Size (RW Data + ZI Data)              3784 (   3.70kB)
    Total ROM Size (Code + RO Data + RW Data)      37756 (  36.87kB)

==============================================================================

